Archive member included to satisfy reference by file (symbol)

E:/ST/STM32CubeIDE_1.18.1/STM32CubeIDE/plugins/com.st.stm32cube.ide.mcu.externaltools.gnu-tools-for-stm32.13.3.rel1.win32_1.0.0.202411081344/tools/bin/../lib/gcc/arm-none-eabi/13.3.1/../../../../arm-none-eabi/lib/thumb/v7e-m+fp/hard\libc_nano.a(libc_a-exit.o)
                              E:/ST/STM32CubeIDE_1.18.1/STM32CubeIDE/plugins/com.st.stm32cube.ide.mcu.externaltools.gnu-tools-for-stm32.13.3.rel1.win32_1.0.0.202411081344/tools/bin/../lib/gcc/arm-none-eabi/13.3.1/../../../../arm-none-eabi/lib/thumb/v7e-m+fp/hard/crt0.o (exit)
E:/ST/STM32CubeIDE_1.18.1/STM32CubeIDE/plugins/com.st.stm32cube.ide.mcu.externaltools.gnu-tools-for-stm32.13.3.rel1.win32_1.0.0.202411081344/tools/bin/../lib/gcc/arm-none-eabi/13.3.1/../../../../arm-none-eabi/lib/thumb/v7e-m+fp/hard\libc_nano.a(libc_a-malloc.o)
                              ./Core/Src/ST7735.o (malloc)
E:/ST/STM32CubeIDE_1.18.1/STM32CubeIDE/plugins/com.st.stm32cube.ide.mcu.externaltools.gnu-tools-for-stm32.13.3.rel1.win32_1.0.0.202411081344/tools/bin/../lib/gcc/arm-none-eabi/13.3.1/../../../../arm-none-eabi/lib/thumb/v7e-m+fp/hard\libc_nano.a(libc_a-mallocr.o)
                              E:/ST/STM32CubeIDE_1.18.1/STM32CubeIDE/plugins/com.st.stm32cube.ide.mcu.externaltools.gnu-tools-for-stm32.13.3.rel1.win32_1.0.0.202411081344/tools/bin/../lib/gcc/arm-none-eabi/13.3.1/../../../../arm-none-eabi/lib/thumb/v7e-m+fp/hard\libc_nano.a(libc_a-malloc.o) (_malloc_r)
E:/ST/STM32CubeIDE_1.18.1/STM32CubeIDE/plugins/com.st.stm32cube.ide.mcu.externaltools.gnu-tools-for-stm32.13.3.rel1.win32_1.0.0.202411081344/tools/bin/../lib/gcc/arm-none-eabi/13.3.1/../../../../arm-none-eabi/lib/thumb/v7e-m+fp/hard\libc_nano.a(libc_a-mlock.o)
                              E:/ST/STM32CubeIDE_1.18.1/STM32CubeIDE/plugins/com.st.stm32cube.ide.mcu.externaltools.gnu-tools-for-stm32.13.3.rel1.win32_1.0.0.202411081344/tools/bin/../lib/gcc/arm-none-eabi/13.3.1/../../../../arm-none-eabi/lib/thumb/v7e-m+fp/hard\libc_nano.a(libc_a-mallocr.o) (__malloc_lock)
E:/ST/STM32CubeIDE_1.18.1/STM32CubeIDE/plugins/com.st.stm32cube.ide.mcu.externaltools.gnu-tools-for-stm32.13.3.rel1.win32_1.0.0.202411081344/tools/bin/../lib/gcc/arm-none-eabi/13.3.1/../../../../arm-none-eabi/lib/thumb/v7e-m+fp/hard\libc_nano.a(libc_a-findfp.o)
                              E:/ST/STM32CubeIDE_1.18.1/STM32CubeIDE/plugins/com.st.stm32cube.ide.mcu.externaltools.gnu-tools-for-stm32.13.3.rel1.win32_1.0.0.202411081344/tools/bin/../lib/gcc/arm-none-eabi/13.3.1/../../../../arm-none-eabi/lib/thumb/v7e-m+fp/hard\libc_nano.a(libc_a-exit.o) (__stdio_exit_handler)
E:/ST/STM32CubeIDE_1.18.1/STM32CubeIDE/plugins/com.st.stm32cube.ide.mcu.externaltools.gnu-tools-for-stm32.13.3.rel1.win32_1.0.0.202411081344/tools/bin/../lib/gcc/arm-none-eabi/13.3.1/../../../../arm-none-eabi/lib/thumb/v7e-m+fp/hard\libc_nano.a(libc_a-fwalk.o)
                              E:/ST/STM32CubeIDE_1.18.1/STM32CubeIDE/plugins/com.st.stm32cube.ide.mcu.externaltools.gnu-tools-for-stm32.13.3.rel1.win32_1.0.0.202411081344/tools/bin/../lib/gcc/arm-none-eabi/13.3.1/../../../../arm-none-eabi/lib/thumb/v7e-m+fp/hard\libc_nano.a(libc_a-findfp.o) (_fwalk_sglue)
E:/ST/STM32CubeIDE_1.18.1/STM32CubeIDE/plugins/com.st.stm32cube.ide.mcu.externaltools.gnu-tools-for-stm32.13.3.rel1.win32_1.0.0.202411081344/tools/bin/../lib/gcc/arm-none-eabi/13.3.1/../../../../arm-none-eabi/lib/thumb/v7e-m+fp/hard\libc_nano.a(libc_a-stdio.o)
                              E:/ST/STM32CubeIDE_1.18.1/STM32CubeIDE/plugins/com.st.stm32cube.ide.mcu.externaltools.gnu-tools-for-stm32.13.3.rel1.win32_1.0.0.202411081344/tools/bin/../lib/gcc/arm-none-eabi/13.3.1/../../../../arm-none-eabi/lib/thumb/v7e-m+fp/hard\libc_nano.a(libc_a-findfp.o) (__sread)
E:/ST/STM32CubeIDE_1.18.1/STM32CubeIDE/plugins/com.st.stm32cube.ide.mcu.externaltools.gnu-tools-for-stm32.13.3.rel1.win32_1.0.0.202411081344/tools/bin/../lib/gcc/arm-none-eabi/13.3.1/../../../../arm-none-eabi/lib/thumb/v7e-m+fp/hard\libc_nano.a(libc_a-memset.o)
                              E:/ST/STM32CubeIDE_1.18.1/STM32CubeIDE/plugins/com.st.stm32cube.ide.mcu.externaltools.gnu-tools-for-stm32.13.3.rel1.win32_1.0.0.202411081344/tools/bin/../lib/gcc/arm-none-eabi/13.3.1/../../../../arm-none-eabi/lib/thumb/v7e-m+fp/hard/crt0.o (memset)
E:/ST/STM32CubeIDE_1.18.1/STM32CubeIDE/plugins/com.st.stm32cube.ide.mcu.externaltools.gnu-tools-for-stm32.13.3.rel1.win32_1.0.0.202411081344/tools/bin/../lib/gcc/arm-none-eabi/13.3.1/../../../../arm-none-eabi/lib/thumb/v7e-m+fp/hard\libc_nano.a(libc_a-strstr.o)
                              ./Core/Src/main.o (strstr)
E:/ST/STM32CubeIDE_1.18.1/STM32CubeIDE/plugins/com.st.stm32cube.ide.mcu.externaltools.gnu-tools-for-stm32.13.3.rel1.win32_1.0.0.202411081344/tools/bin/../lib/gcc/arm-none-eabi/13.3.1/../../../../arm-none-eabi/lib/thumb/v7e-m+fp/hard\libc_nano.a(libc_a-closer.o)
[...]
Memory Configuration

Name             Origin             Length             Attributes
RAM              0x20000000         0x00050000         xrw
RAM2             0x10000000         0x00010000         xrw
FLASH            0x08000000         0x00100000         xr
*default*        0x00000000         0xffffffff

Linker script and memory map

LOAD E:/ST/STM32CubeIDE_1.18.1/STM32CubeIDE/plugins/com.st.stm32cube.ide.mcu.externaltools.gnu-tools-for-stm32.13.3.rel1.win32_1.0.0.202411081344/tools/bin/../lib/gcc/arm-none-eabi/13.3.1/thumb/v7e-m+fp/hard/crti.o
LOAD E:/ST/STM32CubeIDE_1.18.1/STM32CubeIDE/plugins/com.st.stm32cube.ide.mcu.externaltools.gnu-tools-for-stm32.13.3.rel1.win32_1.0.0.202411081344/tools/bin/../lib/gcc/arm-none-eabi/13.3.1/thumb/v7e-m+fp/hard/crtbegin.o
LOAD E:/ST/STM32CubeIDE_1.18.1/STM32CubeIDE/plugins/com.st.stm32cube.ide.mcu.externaltools.gnu-tools-for-stm32.13.3.rel1.win32_1.0.0.202411081344/tools/bin/../lib/gcc/arm-none-eabi/13.3.1/../../../../arm-none-eabi/lib/thumb/v7e-m+fp/hard/crt0.o
LOAD ./Core/Src/GFX_FUNCTIONS.o
LOAD ./Core/Src/ST7735.o
LOAD ./Core/Src/fonts.o
LOAD ./Core/Src/main.o
LOAD ./Core/Src/stm32l4xx_hal_msp.o
LOAD ./Core/Src/stm32l4xx_it.o
LOAD ./Core/Src/syscalls.o
LOAD ./Core/Src/sysmem.o
LOAD ./Core/Src/system_stm32l4xx.o
LOAD ./Core/Startup/startup_stm32l4a6zgtx.o
LOAD ./Drivers/STM32L4xx_HAL_Driver/Src/stm32l4xx_hal.o
LOAD ./Drivers/STM32L4xx_HAL_Driver/Src/stm32l4xx_hal_cortex.o
LOAD ./Drivers/STM32L4xx_HAL_Driver/Src/stm32l4xx_hal_dma.o
LOAD ./Drivers/STM32L4xx_HAL_Driver/Src/stm32l4xx_hal_dma_ex.o
LOAD ./Drivers/STM32L4xx_HAL_Driver/Src/stm32l4xx_hal_exti.o
LOAD ./Drivers/STM32L4xx_HAL_Driver/Src/stm32l4xx_hal_flash.o
LOAD ./Drivers/STM32L4xx_HAL_Driver/Src/stm32l4xx_hal_flash_ex.o
LOAD ./Drivers/STM32L4xx_HAL_Driver/Src/stm32l4xx_hal_flash_ramfunc.o
LOAD ./Drivers/STM32L4xx_HAL_Driver/Src/stm32l4xx_hal_gpio.o
LOAD ./Drivers/STM32L4xx_HAL_Driver/Src/stm32l4xx_hal_i2c.o
LOAD ./Drivers/STM32L4xx_HAL_Driver/Src/stm32l4xx_hal_i2c_ex.o
LOAD ./Drivers/STM32L4xx_HAL_Driver/Src/stm32l4xx_hal_pwr.o
LOAD ./Drivers/STM32L4xx_HAL_Driver/Src/stm32l4xx_hal_pwr_ex.o
LOAD ./Drivers/STM32L4xx_HAL_Driver/Src/stm32l4xx_hal_rcc.o
LOAD ./Drivers/STM32L4xx_HAL_Driver/Src/stm32l4xx_hal_rcc_ex.o
LOAD ./Drivers/STM32L4xx_HAL_Driver/Src/stm32l4xx_hal_spi.o
LOAD ./Drivers/STM32L4xx_HAL_Driver/Src/stm32l4xx_hal_spi_ex.o
LOAD ./Drivers/STM32L4xx_HAL_Driver/Src/stm32l4xx_hal_uart.o
LOAD ./Drivers/STM32L4xx_HAL_Driver/Src/stm32l4xx_hal_uart_ex.o
START GROUP
LOAD E:/ST/STM32CubeIDE_1.18.1/STM32CubeIDE/plugins/com.st.stm32cube.ide.mcu.externaltools.gnu-tools-for-stm32.13.3.rel1.win32_1.0.0.202411081344/tools/bin/../lib/gcc/arm-none-eabi/13.3.1/../../../../arm-none-eabi/lib/thumb/v7e-m+fp/hard\libc_nano.a
LOAD E:/ST/STM32CubeIDE_1.18.1/STM32CubeIDE/plugins/com.st.stm32cube.ide.mcu.externaltools.gnu-tools-for-stm32.13.3.rel1.win32_1.0.0.202411081344/tools/bin/../lib/gcc/arm-none-eabi/13.3.1/../../../../arm-none-eabi/lib/thumb/v7e-m+fp/hard\libm.a
END GROUP
START GROUP
LOAD E:/ST/STM32CubeIDE_1.18.1/STM32CubeIDE/plugins/com.st.stm32cube.ide.mcu.externaltools.gnu-tools-for-stm32.13.3.rel1.win32_1.0.0.202411081344/tools/bin/../lib/gcc/arm-none-eabi/13.3.1/thumb/v7e-m+fp/hard\libgcc.a
LOAD E:/ST/STM32CubeIDE_1.18.1/STM32CubeIDE/plugins/com.st.stm32cube.ide.mcu.externaltools.gnu-tools-for-stm32.13.3.rel1.win32_1.0.0.202411081344/tools/bin/../lib/gcc/arm-none-eabi/13.3.1/../../../../arm-none-eabi/lib/thumb/v7e-m+fp/hard\libc_nano.a
END GROUP
START GROUP
LOAD E:/ST/STM32CubeIDE_1.18.1/STM32CubeIDE/plugins/com.st.stm32cube.ide.mcu.externaltools.gnu-tools-for-stm32.13.3.rel1.win32_1.0.0.202411081344/tools/bin/../lib/gcc/arm-none-eabi/13.3.1/thumb/v7e-m+fp/hard\libgcc.a
LOAD E:/ST/STM32CubeIDE_1.18.1/STM32CubeIDE/plugins/com.st.stm32cube.ide.mcu.externaltools.gnu-tools-for-stm32.13.3.rel1.win32_1.0.0.202411081344/tools/bin/../lib/gcc/arm-none-eabi/13.3.1/../../../../arm-none-eabi/lib/thumb/v7e-m+fp/hard\libc_nano.a
LOAD E:/ST/STM32CubeIDE_1.18.1/STM32CubeIDE/plugins/com.st.stm32cube.ide.mcu.externaltools.gnu-tools-for-stm32.13.3.rel1.win32_1.0.0.202411081344/tools/bin/../lib/gcc/arm-none-eabi/13.3.1/../../../../arm-none-eabi/lib/thumb/v7e-m+fp/hard\libnosys.a
END GROUP
START GROUP
LOAD E:/ST/STM32CubeIDE_1.18.1/STM32CubeIDE/plugins/com.st.stm32cube.ide.mcu.externaltools.gnu-tools-for-stm32.13.3.rel1.win32_1.0.0.202411081344/tools/bin/../lib/gcc/arm-none-eabi/13.3.1/thumb/v7e-m+fp/hard\libgcc.a
LOAD E:/ST/STM32CubeIDE_1.18.1/STM32CubeIDE/plugins/com.st.stm32cube.ide.mcu.externaltools.gnu-tools-for-stm32.13.3.rel1.win32_1.0.0.202411081344/tools/bin/../lib/gcc/arm-none-eabi/13.3.1/../../../../arm-none-eabi/lib/thumb/v7e-m+fp/hard\libc_nano.a
LOAD E:/ST/STM32CubeIDE_1.18.1/STM32CubeIDE/plugins/com.st.stm32cube.ide.mcu.externaltools.gnu-tools-for-stm32.13.3.rel1.win32_1.0.0.202411081344/tools/bin/../lib/gcc/arm-none-eabi/13.3.1/../../../../arm-none-eabi/lib/thumb/v7e-m+fp/hard\libnosys.a
END GROUP
LOAD E:/ST/STM32CubeIDE_1.18.1/STM32CubeIDE/plugins/com.st.stm32cube.ide.mcu.externaltools.gnu-tools-for-stm32.13.3.rel1.win32_1.0.0.202411081344/tools/bin/../lib/gcc/arm-none-eabi/13.3.1/thumb/v7e-m+fp/hard/crtend.o
LOAD E:/ST/STM32CubeIDE_1.18.1/STM32CubeIDE/plugins/com.st.stm32cube.ide.mcu.externaltools.gnu-tools-for-stm32.13.3.rel1.win32_1.0.0.202411081344/tools/bin/../lib/gcc/arm-none-eabi/13.3.1/thumb/v7e-m+fp/hard/crtn.o
                0x20050000                        _estack = (ORIGIN (RAM) + LENGTH (RAM))
                0x00000200                        _Min_Heap_Size = 0x200
                0x00000400                        _Min_Stack_Size = 0x400

.isr_vector     0x08000000      0x1ac
                0x08000000                        . = ALIGN (0x4)
 *(.isr_vector)
 .isr_vector    0x08000000      0x1ac ./Core/Startup/startup_stm32l4a6zgtx.o
                0x08000000                g_pfnVectors
                0x080001ac                        . = ALIGN (0x4)

.text           0x080001ac     0x79f8
                0x080001ac                        . = ALIGN (0x4)
 *(.text)
 .text          0x080001ac       0x40 E:/ST/STM32CubeIDE_1.18.1/STM32CubeIDE/plugins/com.st.stm32cube.ide.mcu.externaltools.gnu-tools-for-stm32.13.3.rel1.win32_1.0.0.202411081344/tools/bin/../lib/gcc/arm-none-eabi/13.3.1/thumb/v7e-m+fp/hard/crtbegin.o
 .text          0x080001ec       0x30 E:/ST/STM32CubeIDE_1.18.1/STM32CubeIDE/plugins/com.st.stm32cube.ide.mcu.externaltools.gnu-tools-for-stm32.13.3.rel1.win32_1.0.0.202411081344/tools/bin/../lib/gcc/arm-none-eabi/13.3.1/thumb/v7e-m+fp/hard\libgcc.a(_aeabi_uldivmod.o)
                0x080001ec                __aeabi_uldivmod
 .text          0x0800021c      0x2f8 E:/ST/STM32CubeIDE_1.18.1/STM32CubeIDE/plugins/com.st.stm32cube.ide.mcu.externaltools.gnu-tools-for-stm32.13.3.rel1.win32_1.0.0.202411081344/tools/bin/../lib/gcc/arm-none-eabi/13.3.1/thumb/v7e-m+fp/hard\libgcc.a(_udivmoddi4.o)
                0x0800021c                __udivmoddi4
 .text          0x08000514        0x4 E:/ST/STM32CubeIDE_1.18.1/STM32CubeIDE/plugins/com.st.stm32cube.ide.mcu.externaltools.gnu-tools-for-stm32.13.3.rel1.win32_1.0.0.202411081344/tools/bin/../lib/gcc/arm-none-eabi/13.3.1/thumb/v7e-m+fp/hard\libgcc.a(_dvmd_tls.o)
                0x08000514                __aeabi_idiv0
                0x08000514                __aeabi_ldiv0
 *(.text*)
 .text.drawPixel
                0x08000518       0x26 ./Core/Src/GFX_FUNCTIONS.o
                0x08000518                drawPixel
 *fill*         0x0800053e        0x2 
 .text.fillRect
                0x08000540       0x48 ./Core/Src/GFX_FUNCTIONS.o
                0x08000540                fillRect
 .text.writePixel
                0x08000588       0x2a ./Core/Src/GFX_FUNCTIONS.o
                0x08000588                writePixel
 .text.writeLine
                0x080005b2      0x144 ./Core/Src/GFX_FUNCTIONS.o
                0x080005b2                writeLine
 .text.drawFastVLine
                0x080006f6       0x4a ./Core/Src/GFX_FUNCTIONS.o
                0x080006f6                drawFastVLine
 .text.drawFastHLine
                0x08000740       0x4a ./Core/Src/GFX_FUNCTIONS.o
                0x08000740                drawFastHLine
 .text.drawLine
                0x0800078a       0xc4 ./Core/Src/GFX_FUNCTIONS.o
                0x0800078a                drawLine
 .text.drawCircle
                0x0800084e      0x1d8 ./Core/Src/GFX_FUNCTIONS.o
                0x0800084e                drawCircle
 .text.drawCircleHelper
                0x08000a26      0x1a8 ./Core/Src/GFX_FUNCTIONS.o
                0x08000a26                drawCircleHelper
 .text.fillCircleHelper
                0x08000bce      0x19c ./Core/Src/GFX_FUNCTIONS.o
                0x08000bce                fillCircleHelper
 .text.fillCircle
                0x08000d6a       0x60 ./Core/Src/GFX_FUNCTIONS.o
                0x08000d6a                fillCircle
 .text.drawRect
                0x08000dca       0x82 ./Core/Src/GFX_FUNCTIONS.o
                0x08000dca                drawRect
 .text.drawRoundRect
                0x08000e4c      0x19a ./Core/Src/GFX_FUNCTIONS.o
                0x08000e4c                drawRoundRect
 .text.fillRoundRect
                0x08000fe6       0xf2 ./Core/Src/GFX_FUNCTIONS.o
                0x08000fe6                fillRoundRect
 .text.drawTriangle
                0x080010d8       0x74 ./Core/Src/GFX_FUNCTIONS.o
                0x080010d8                drawTriangle
 .text.fillTriangle
                0x0800114c      0x2be ./Core/Src/GFX_FUNCTIONS.o
                0x0800114c                fillTriangle
 *fill*         0x0800140a        0x2 
 .text.fillScreen
                0x0800140c       0x34 ./Core/Src/GFX_FUNCTIONS.o
                0x0800140c                fillScreen
 .text.testLines
                0x08001440      0x204 ./Core/Src/GFX_FUNCTIONS.o
                0x08001440                testLines
 .text.testFastLines
                0x08001644       0x80 ./Core/Src/GFX_FUNCTIONS.o
                0x08001644                testFastLines
 .text.testRects
                0x080016c4       0xa4 ./Core/Src/GFX_FUNCTIONS.o
                0x080016c4                testRects
 .text.testFilledRects
                0x08001768       0xdc ./Core/Src/GFX_FUNCTIONS.o
                0x08001768                testFilledRects
 .text.testFilledCircles
                0x08001844       0x7c ./Core/Src/GFX_FUNCTIONS.o
                0x08001844                testFilledCircles
 .text.testCircles
                0x080018c0       0x84 ./Core/Src/GFX_FUNCTIONS.o
                0x080018c0                testCircles
 .text.testTriangles
                0x08001944       0xc8 ./Core/Src/GFX_FUNCTIONS.o
                0x08001944                testTriangles
 .text.testFilledTriangles
                0x08001a0c      0x160 ./Core/Src/GFX_FUNCTIONS.o
                0x08001a0c                testFilledTriangles
 .text.testRoundRects
                0x08001b6c       0xdc ./Core/Src/GFX_FUNCTIONS.o
                0x08001b6c                testRoundRects
 .text.testFilledRoundRects
                0x08001c48       0xe8 ./Core/Src/GFX_FUNCTIONS.o
                0x08001c48                testFilledRoundRects
 .text.testFillScreen
                0x08001d30       0x2a ./Core/Src/GFX_FUNCTIONS.o
                0x08001d30                testFillScreen
 .text.testAll  0x08001d5a       0x56 ./Core/Src/GFX_FUNCTIONS.o
                0x08001d5a                testAll
 .text.HAL_SPI_ErrorCallback
                0x08001db0       0x6c ./Core/Src/ST7735.o
                0x08001db0                HAL_SPI_ErrorCallback
 .text.HAL_SPI_TxCpltCallback
                0x08001e1c       0x60 ./Core/Src/ST7735.o
                0x08001e1c                HAL_SPI_TxCpltCallback
 .text.ST7735_WaitForDMA
                0x08001e7c       0x4c ./Core/Src/ST7735.o
                0x08001e7c                ST7735_WaitForDMA
 .text.ST7735_Select
                0x08001ec8       0x18 ./Core/Src/ST7735.o
                0x08001ec8                ST7735_Select
 .text.ST7735_Unselect
                0x08001ee0       0x18 ./Core/Src/ST7735.o
                0x08001ee0                ST7735_Unselect
 .text.ST7735_Reset
                0x08001ef8       0x2c ./Core/Src/ST7735.o
                0x08001ef8                ST7735_Reset
 .text.ST7735_WriteCommand
                0x08001f24       0x38 ./Core/Src/ST7735.o
                0x08001f24                ST7735_WriteCommand
 .text.ST7735_WriteData
                0x08001f5c       0x3c ./Core/Src/ST7735.o
                0x08001f5c                ST7735_WriteData
 .text.DisplayInit
                0x08001f98       0x92 ./Core/Src/ST7735.o
                0x08001f98                DisplayInit
 *fill*         0x0800202a        0x2 
 .text.ST7735_SetAddressWindow
                0x0800202c       0x90 ./Core/Src/ST7735.o
                0x0800202c                ST7735_SetAddressWindow
 .text.ST7735_Init
                0x080020bc       0x58 ./Core/Src/ST7735.o
                0x080020bc                ST7735_Init
 .text.ST7735_SetRotation
                0x08002114      0x100 ./Core/Src/ST7735.o
                0x08002114                ST7735_SetRotation
 .text.ST7735_DrawPixel
                0x08002214       0x7c ./Core/Src/ST7735.o
                0x08002214                ST7735_DrawPixel
 .text.ST7735_WriteChar
                0x08002290       0xee ./Core/Src/ST7735.o
                0x08002290                ST7735_WriteChar
 *fill*         0x0800237e        0x2 
 .text.ST7735_WriteString
                0x08002380       0xdc ./Core/Src/ST7735.o
                0x08002380                ST7735_WriteString
 .text.ST7735_WriteStringWithSeparators
                0x0800245c      0x10c ./Core/Src/ST7735.o
                0x0800245c                ST7735_WriteStringWithSeparators
 .text.ST7735_FillRectangle
                0x08002568      0x194 ./Core/Src/ST7735.o
                0x08002568                ST7735_FillRectangle
 .text.draw_bulb_on
                0x080026fc       0x44 ./Core/Src/main.o
                0x080026fc                draw_bulb_on
 .text.draw_bulb_off
                0x08002740       0x44 ./Core/Src/main.o
                0x08002740                draw_bulb_off
 .text.process_command
                0x08002784      0x174 ./Core/Src/main.o
                0x08002784                process_command
 .text.draw_menu
                0x080028f8       0xb4 ./Core/Src/main.o
                0x080028f8                draw_menu
 .text.HAL_UART_RxCpltCallback
                0x080029ac       0x48 ./Core/Src/main.o
                0x080029ac                HAL_UART_RxCpltCallback
 .text.main     0x080029f4       0xf4 ./Core/Src/main.o
                0x080029f4                main
 .text.SystemClock_Config
                0x08002ae8       0xa2 ./Core/Src/main.o
                0x08002ae8                SystemClock_Config
 *fill*         0x08002b8a        0x2 
 .text.MX_LPUART1_UART_Init
                0x08002b8c       0x58 ./Core/Src/main.o
 .text.MX_SPI1_Init
                0x08002be4       0x7c ./Core/Src/main.o
 .text.MX_DMA_Init
                0x08002c60       0x4c ./Core/Src/main.o
 .text.MX_GPIO_Init
                0x08002cac      0x128 ./Core/Src/main.o
 .text.Error_Handler
                0x08002dd4        0xc ./Core/Src/main.o
                0x08002dd4                Error_Handler
 .text.HAL_MspInit
                0x08002de0       0x48 ./Core/Src/stm32l4xx_hal_msp.o
                0x08002de0                HAL_MspInit
 .text.HAL_UART_MspInit
                0x08002e28       0xd0 ./Core/Src/stm32l4xx_hal_msp.o
                0x08002e28                HAL_UART_MspInit
 .text.HAL_SPI_MspInit
                0x08002ef8      0x13c ./Core/Src/stm32l4xx_hal_msp.o
                0x08002ef8                HAL_SPI_MspInit
 .text.HAL_SPI_MspDeInit
                0x08003034       0x4c ./Core/Src/stm32l4xx_hal_msp.o
                0x08003034                HAL_SPI_MspDeInit
 .text.NMI_Handler
                0x08003080        0x8 ./Core/Src/stm32l4xx_it.o
                0x08003080                NMI_Handler
 .text.HardFault_Handler
                0x08003088        0x8 ./Core/Src/stm32l4xx_it.o
                0x08003088                HardFault_Handler
 .text.MemManage_Handler
                0x08003090        0x8 ./Core/Src/stm32l4xx_it.o
                0x08003090                MemManage_Handler
 .text.BusFault_Handler
                0x08003098        0x8 ./Core/Src/stm32l4xx_it.o
                0x08003098                BusFault_Handler
 .text.UsageFault_Handler
                0x080030a0        0x8 ./Core/Src/stm32l4xx_it.o
                0x080030a0                UsageFault_Handler
 .text.SVC_Handler
                0x080030a8        0xe ./Core/Src/stm32l4xx_it.o
                0x080030a8                SVC_Handler
 .text.DebugMon_Handler
                0x080030b6        0xe ./Core/Src/stm32l4xx_it.o
                0x080030b6                DebugMon_Handler
 .text.PendSV_Handler
                0x080030c4        0xe ./Core/Src/stm32l4xx_it.o
                0x080030c4                PendSV_Handler
 .text.SysTick_Handler
                0x080030d2        0xc ./Core/Src/stm32l4xx_it.o
                0x080030d2                SysTick_Handler
 *fill*         0x080030de        0x2 
 .text.DMA1_Channel2_IRQHandler
                0x080030e0       0x14 ./Core/Src/stm32l4xx_it.o
                0x080030e0                DMA1_Channel2_IRQHandler
 .text.DMA1_Channel3_IRQHandler
                0x080030f4       0x14 ./Core/Src/stm32l4xx_it.o
                0x080030f4                DMA1_Channel3_IRQHandler
 .text.LPUART1_IRQHandler
                0x08003108       0x14 ./Core/Src/stm32l4xx_it.o
                0x08003108                LPUART1_IRQHandler
 .text._sbrk    0x0800311c       0x6c ./Core/Src/sysmem.o
                0x0800311c                _sbrk
 .text.SystemInit
                0x08003188       0x24 ./Core/Src/system_stm32l4xx.o
                0x08003188                SystemInit
 .text.Reset_Handler
                0x080031ac       0x50 ./Core/Startup/startup_stm32l4a6zgtx.o
                0x080031ac                Reset_Handler
 .text.Default_Handler
                0x080031fc        0x2 ./Core/Startup/startup_stm32l4a6zgtx.o
                0x080031fc                RTC_Alarm_IRQHandler
                0x080031fc                HASH_RNG_IRQHandler
                0x080031fc                EXTI2_IRQHandler
                0x080031fc                TIM8_TRG_COM_IRQHandler
                0x080031fc                TIM8_CC_IRQHandler
                0x080031fc                TIM1_CC_IRQHandler
                0x080031fc                TSC_IRQHandler
                0x080031fc                TAMP_STAMP_IRQHandler
                0x080031fc                CAN2_RX1_IRQHandler
                0x080031fc                EXTI3_IRQHandler
                0x080031fc                LPTIM2_IRQHandler
                0x080031fc                DFSDM1_FLT1_IRQHandler
                0x080031fc                I2C3_ER_IRQHandler
                0x080031fc                DFSDM1_FLT2_IRQHandler
                0x080031fc                EXTI0_IRQHandler
                0x080031fc                I2C2_EV_IRQHandler
                0x080031fc                CAN1_RX0_IRQHandler
                0x080031fc                FPU_IRQHandler
                0x080031fc                TIM1_UP_TIM16_IRQHandler
                0x080031fc                CAN2_SCE_IRQHandler
                0x080031fc                ADC1_2_IRQHandler
                0x080031fc                SPI1_IRQHandler
                0x080031fc                TIM6_DAC_IRQHandler
                0x080031fc                DCMI_IRQHandler
                0x080031fc                CAN2_RX0_IRQHandler
                0x080031fc                TIM8_UP_IRQHandler
                0x080031fc                DMA2_Channel2_IRQHandler
                0x080031fc                DMA1_Channel4_IRQHandler
                0x080031fc                SAI2_IRQHandler
                0x080031fc                DFSDM1_FLT3_IRQHandler
                0x080031fc                USART3_IRQHandler
                0x080031fc                DMA1_Channel7_IRQHandler
                0x080031fc                CAN1_RX1_IRQHandler
                0x080031fc                LCD_IRQHandler
                0x080031fc                UART5_IRQHandler
                0x080031fc                ADC3_IRQHandler
                0x080031fc                TIM4_IRQHandler
                0x080031fc                DMA2_Channel1_IRQHandler
                0x080031fc                QUADSPI_IRQHandler
                0x080031fc                I2C1_EV_IRQHandler
                0x080031fc                DMA1_Channel6_IRQHandler
                0x080031fc                UART4_IRQHandler
                0x080031fc                DMA2_Channel4_IRQHandler
                0x080031fc                TIM3_IRQHandler
                0x080031fc                RCC_IRQHandler
                0x080031fc                DMA1_Channel1_IRQHandler
                0x080031fc                Default_Handler
                0x080031fc                DMA2_Channel7_IRQHandler
                0x080031fc                EXTI15_10_IRQHandler
                0x080031fc                TIM7_IRQHandler
                0x080031fc                SDMMC1_IRQHandler
                0x080031fc                CAN2_TX_IRQHandler
                0x080031fc                TIM5_IRQHandler
                0x080031fc                I2C3_EV_IRQHandler
                0x080031fc                EXTI9_5_IRQHandler
                0x080031fc                RTC_WKUP_IRQHandler
                0x080031fc                PVD_PVM_IRQHandler
                0x080031fc                SPI2_IRQHandler
                0x080031fc                CAN1_TX_IRQHandler
                0x080031fc                DMA2_Channel5_IRQHandler
                0x080031fc                CRS_IRQHandler
                0x080031fc                DMA1_Channel5_IRQHandler
                0x080031fc                EXTI4_IRQHandler
                0x080031fc                TIM1_TRG_COM_TIM17_IRQHandler
                0x080031fc                COMP_IRQHandler
                0x080031fc                WWDG_IRQHandler
                0x080031fc                I2C4_EV_IRQHandler
                0x080031fc                DMA2_Channel6_IRQHandler
                0x080031fc                TIM2_IRQHandler
                0x080031fc                DMA2D_IRQHandler
                0x080031fc                EXTI1_IRQHandler
                0x080031fc                AES_IRQHandler
                0x080031fc                USART2_IRQHandler
                0x080031fc                DFSDM1_FLT0_IRQHandler
                0x080031fc                I2C2_ER_IRQHandler
                0x080031fc                TIM8_BRK_IRQHandler
                0x080031fc                CAN1_SCE_IRQHandler
                0x080031fc                FLASH_IRQHandler
                0x080031fc                USART1_IRQHandler
                0x080031fc                OTG_FS_IRQHandler
                0x080031fc                SPI3_IRQHandler
                0x080031fc                I2C1_ER_IRQHandler
                0x080031fc                FMC_IRQHandler
                0x080031fc                SWPMI1_IRQHandler
                0x080031fc                LPTIM1_IRQHandler
                0x080031fc                I2C4_ER_IRQHandler
                0x080031fc                SAI1_IRQHandler
                0x080031fc                DMA2_Channel3_IRQHandler
                0x080031fc                TIM1_BRK_TIM15_IRQHandler
 .text.HAL_Init
                0x080031fe       0x30 ./Drivers/STM32L4xx_HAL_Driver/Src/stm32l4xx_hal.o
                0x080031fe                HAL_Init
 *fill*         0x0800322e        0x2 
 .text.HAL_InitTick
                0x08003230       0x78 ./Drivers/STM32L4xx_HAL_Driver/Src/stm32l4xx_hal.o
                0x08003230                HAL_InitTick
 .text.HAL_IncTick
                0x080032a8       0x28 ./Drivers/STM32L4xx_HAL_Driver/Src/stm32l4xx_hal.o
                0x080032a8                HAL_IncTick
 .text.HAL_GetTick
                0x080032d0       0x18 ./Drivers/STM32L4xx_HAL_Driver/Src/stm32l4xx_hal.o
                0x080032d0                HAL_GetTick
 .text.HAL_Delay
                0x080032e8       0x48 ./Drivers/STM32L4xx_HAL_Driver/Src/stm32l4xx_hal.o
                0x080032e8                HAL_Delay
 .text.__NVIC_SetPriorityGrouping
                0x08003330       0x48 ./Drivers/STM32L4xx_HAL_Driver/Src/stm32l4xx_hal_cortex.o
 .text.__NVIC_GetPriorityGrouping
                0x08003378       0x1c ./Drivers/STM32L4xx_HAL_Driver/Src/stm32l4xx_hal_cortex.o
 .text.__NVIC_EnableIRQ
                0x08003394       0x3c ./Drivers/STM32L4xx_HAL_Driver/Src/stm32l4xx_hal_cortex.o
 .text.__NVIC_SetPriority
                0x080033d0       0x54 ./Drivers/STM32L4xx_HAL_Driver/Src/stm32l4xx_hal_cortex.o
 .text.NVIC_EncodePriority
                0x08003424       0x66 ./Drivers/STM32L4xx_HAL_Driver/Src/stm32l4xx_hal_cortex.o
 *fill*         0x0800348a        0x2 
 .text.SysTick_Config
                0x0800348c       0x44 ./Drivers/STM32L4xx_HAL_Driver/Src/stm32l4xx_hal_cortex.o
 .text.HAL_NVIC_SetPriorityGrouping
                0x080034d0       0x16 ./Drivers/STM32L4xx_HAL_Driver/Src/stm32l4xx_hal_cortex.o
                0x080034d0                HAL_NVIC_SetPriorityGrouping
 .text.HAL_NVIC_SetPriority
                0x080034e6       0x38 ./Drivers/STM32L4xx_HAL_Driver/Src/stm32l4xx_hal_cortex.o
                0x080034e6                HAL_NVIC_SetPriority
 .text.HAL_NVIC_EnableIRQ
                0x0800351e       0x1c ./Drivers/STM32L4xx_HAL_Driver/Src/stm32l4xx_hal_cortex.o
                0x0800351e                HAL_NVIC_EnableIRQ
 .text.HAL_SYSTICK_Config
                0x0800353a       0x18 ./Drivers/STM32L4xx_HAL_Driver/Src/stm32l4xx_hal_cortex.o
                0x0800353a                HAL_SYSTICK_Config
 *fill*         0x08003552        0x2 
 .text.HAL_DMA_Init
                0x08003554      0x170 ./Drivers/STM32L4xx_HAL_Driver/Src/stm32l4xx_hal_dma.o
                0x08003554                HAL_DMA_Init
 .text.HAL_DMA_DeInit
                0x080036c4      0x124 ./Drivers/STM32L4xx_HAL_Driver/Src/stm32l4xx_hal_dma.o
                0x080036c4                HAL_DMA_DeInit
 .text.HAL_DMA_Start_IT
                0x080037e8       0xc0 ./Drivers/STM32L4xx_HAL_Driver/Src/stm32l4xx_hal_dma.o
                0x080037e8                HAL_DMA_Start_IT
 .text.HAL_DMA_Abort
                0x080038a8       0x7c ./Drivers/STM32L4xx_HAL_Driver/Src/stm32l4xx_hal_dma.o
                0x080038a8                HAL_DMA_Abort
 .text.HAL_DMA_Abort_IT
                0x08003924       0x82 ./Drivers/STM32L4xx_HAL_Driver/Src/stm32l4xx_hal_dma.o
                0x08003924                HAL_DMA_Abort_IT
 .text.HAL_DMA_IRQHandler
                0x080039a6      0x15e ./Drivers/STM32L4xx_HAL_Driver/Src/stm32l4xx_hal_dma.o
                0x080039a6                HAL_DMA_IRQHandler
 .text.DMA_SetConfig
                0x08003b04       0x60 ./Drivers/STM32L4xx_HAL_Driver/Src/stm32l4xx_hal_dma.o
 .text.HAL_GPIO_Init
                0x08003b64      0x324 ./Drivers/STM32L4xx_HAL_Driver/Src/stm32l4xx_hal_gpio.o
                0x08003b64                HAL_GPIO_Init
 .text.HAL_GPIO_DeInit
                0x08003e88      0x1e4 ./Drivers/STM32L4xx_HAL_Driver/Src/stm32l4xx_hal_gpio.o
                0x08003e88                HAL_GPIO_DeInit
 .text.HAL_GPIO_WritePin
                0x0800406c       0x30 ./Drivers/STM32L4xx_HAL_Driver/Src/stm32l4xx_hal_gpio.o
                0x0800406c                HAL_GPIO_WritePin
 .text.HAL_GPIO_TogglePin
                0x0800409c       0x34 ./Drivers/STM32L4xx_HAL_Driver/Src/stm32l4xx_hal_gpio.o
                0x0800409c                HAL_GPIO_TogglePin
 .text.HAL_PWREx_GetVoltageRange
                0x080040d0       0x1c ./Drivers/STM32L4xx_HAL_Driver/Src/stm32l4xx_hal_pwr_ex.o
                0x080040d0                HAL_PWREx_GetVoltageRange
 .text.HAL_PWREx_ControlVoltageScaling
                0x080040ec       0xac ./Drivers/STM32L4xx_HAL_Driver/Src/stm32l4xx_hal_pwr_ex.o
                0x080040ec                HAL_PWREx_ControlVoltageScaling
 .text.HAL_PWREx_EnableVddIO2
                0x08004198       0x20 ./Drivers/STM32L4xx_HAL_Driver/Src/stm32l4xx_hal_pwr_ex.o
                0x08004198                HAL_PWREx_EnableVddIO2
 .text.HAL_RCC_OscConfig
                0x080041b8      0x834 ./Drivers/STM32L4xx_HAL_Driver/Src/stm32l4xx_hal_rcc.o
                0x080041b8                HAL_RCC_OscConfig
 .text.HAL_RCC_ClockConfig
                0x080049ec      0x200 ./Drivers/STM32L4xx_HAL_Driver/Src/stm32l4xx_hal_rcc.o
                0x080049ec                HAL_RCC_ClockConfig
 .text.HAL_RCC_GetSysClockFreq
                0x08004bec      0x118 ./Drivers/STM32L4xx_HAL_Driver/Src/stm32l4xx_hal_rcc.o
                0x08004bec                HAL_RCC_GetSysClockFreq
 .text.HAL_RCC_GetHCLKFreq
                0x08004d04       0x18 ./Drivers/STM32L4xx_HAL_Driver/Src/stm32l4xx_hal_rcc.o
                0x08004d04                HAL_RCC_GetHCLKFreq
 .text.HAL_RCC_GetPCLK1Freq
                0x08004d1c       0x2c ./Drivers/STM32L4xx_HAL_Driver/Src/stm32l4xx_hal_rcc.o
                0x08004d1c                HAL_RCC_GetPCLK1Freq
 .text.HAL_RCC_GetPCLK2Freq
                0x08004d48       0x2c ./Drivers/STM32L4xx_HAL_Driver/Src/stm32l4xx_hal_rcc.o
                0x08004d48                HAL_RCC_GetPCLK2Freq
 .text.RCC_SetFlashLatencyFromMSIRange
                0x08004d74       0xc0 ./Drivers/STM32L4xx_HAL_Driver/Src/stm32l4xx_hal_rcc.o
 .text.HAL_RCCEx_PeriphCLKConfig
                0x08004e34      0x5f8 ./Drivers/STM32L4xx_HAL_Driver/Src/stm32l4xx_hal_rcc_ex.o
                0x08004e34                HAL_RCCEx_PeriphCLKConfig
 .text.RCCEx_PLLSAI1_Config
                0x0800542c      0x1e4 ./Drivers/STM32L4xx_HAL_Driver/Src/stm32l4xx_hal_rcc_ex.o
 .text.RCCEx_PLLSAI2_Config
                0x08005610      0x1b8 ./Drivers/STM32L4xx_HAL_Driver/Src/stm32l4xx_hal_rcc_ex.o
 .text.HAL_SPI_Init
                0x080057c8      0x146 ./Drivers/STM32L4xx_HAL_Driver/Src/stm32l4xx_hal_spi.o
                0x080057c8                HAL_SPI_Init
 .text.HAL_SPI_DeInit
                0x0800590e       0x50 ./Drivers/STM32L4xx_HAL_Driver/Src/stm32l4xx_hal_spi.o
                0x0800590e                HAL_SPI_DeInit
 .text.HAL_SPI_Transmit
                0x0800595e      0x2ec ./Drivers/STM32L4xx_HAL_Driver/Src/stm32l4xx_hal_spi.o
                0x0800595e                HAL_SPI_Transmit
 *fill*         0x08005c4a        0x2 
 .text.HAL_SPI_Transmit_DMA
                0x08005c4c      0x1dc ./Drivers/STM32L4xx_HAL_Driver/Src/stm32l4xx_hal_spi.o
                0x08005c4c                HAL_SPI_Transmit_DMA
 .text.HAL_SPI_TxHalfCpltCallback
                0x08005e28       0x14 ./Drivers/STM32L4xx_HAL_Driver/Src/stm32l4xx_hal_spi.o
                0x08005e28                HAL_SPI_TxHalfCpltCallback
 .text.SPI_DMATransmitCplt
                0x08005e3c       0xa6 ./Drivers/STM32L4xx_HAL_Driver/Src/stm32l4xx_hal_spi.o
 .text.SPI_DMAHalfTransmitCplt
                0x08005ee2       0x1c ./Drivers/STM32L4xx_HAL_Driver/Src/stm32l4xx_hal_spi.o
 .text.SPI_DMAError
                0x08005efe       0x40 ./Drivers/STM32L4xx_HAL_Driver/Src/stm32l4xx_hal_spi.o
 *fill*         0x08005f3e        0x2 
 .text.SPI_WaitFlagStateUntilTimeout
                0x08005f40      0x110 ./Drivers/STM32L4xx_HAL_Driver/Src/stm32l4xx_hal_spi.o
 .text.SPI_WaitFifoStateUntilTimeout
                0x08006050      0x12c ./Drivers/STM32L4xx_HAL_Driver/Src/stm32l4xx_hal_spi.o
 .text.SPI_EndRxTxTransaction
                0x0800617c       0x8c ./Drivers/STM32L4xx_HAL_Driver/Src/stm32l4xx_hal_spi.o
 .text.HAL_UART_Init
                0x08006208       0x9c ./Drivers/STM32L4xx_HAL_Driver/Src/stm32l4xx_hal_uart.o
                0x08006208                HAL_UART_Init
 .text.HAL_UART_Receive_IT
                0x080062a4       0x98 ./Drivers/STM32L4xx_HAL_Driver/Src/stm32l4xx_hal_uart.o
                0x080062a4                HAL_UART_Receive_IT
 .text.HAL_UART_IRQHandler
                0x0800633c      0x60c ./Drivers/STM32L4xx_HAL_Driver/Src/stm32l4xx_hal_uart.o
                0x0800633c                HAL_UART_IRQHandler
 .text.HAL_UART_TxCpltCallback
                0x08006948       0x14 ./Drivers/STM32L4xx_HAL_Driver/Src/stm32l4xx_hal_uart.o
                0x08006948                HAL_UART_TxCpltCallback
 .text.HAL_UART_ErrorCallback
                0x0800695c       0x14 ./Drivers/STM32L4xx_HAL_Driver/Src/stm32l4xx_hal_uart.o
                0x0800695c                HAL_UART_ErrorCallback
 .text.HAL_UARTEx_RxEventCallback
                0x08006970       0x18 ./Drivers/STM32L4xx_HAL_Driver/Src/stm32l4xx_hal_uart.o
                0x08006970                HAL_UARTEx_RxEventCallback
 .text.UART_SetConfig
                0x08006988      0x570 ./Drivers/STM32L4xx_HAL_Driver/Src/stm32l4xx_hal_uart.o
                0x08006988                UART_SetConfig
 .text.UART_AdvFeatureConfig
                0x08006ef8      0x144 ./Drivers/STM32L4xx_HAL_Driver/Src/stm32l4xx_hal_uart.o
                0x08006ef8                UART_AdvFeatureConfig
 .text.UART_CheckIdleState
                0x0800703c      0x150 ./Drivers/STM32L4xx_HAL_Driver/Src/stm32l4xx_hal_uart.o
                0x0800703c                UART_CheckIdleState
 .text.UART_WaitOnFlagUntilTimeout
                0x0800718c       0xda ./Drivers/STM32L4xx_HAL_Driver/Src/stm32l4xx_hal_uart.o
                0x0800718c                UART_WaitOnFlagUntilTimeout
 *fill*         0x08007266        0x2 
 .text.UART_Start_Receive_IT
                0x08007268      0x18c ./Drivers/STM32L4xx_HAL_Driver/Src/stm32l4xx_hal_uart.o
                0x08007268                UART_Start_Receive_IT
 .text.UART_EndRxTransfer
                0x080073f4       0xc8 ./Drivers/STM32L4xx_HAL_Driver/Src/stm32l4xx_hal_uart.o
 .text.UART_DMAAbortOnError
                0x080074bc       0x2c ./Drivers/STM32L4xx_HAL_Driver/Src/stm32l4xx_hal_uart.o
 .text.UART_EndTransmit_IT
                0x080074e8       0x54 ./Drivers/STM32L4xx_HAL_Driver/Src/stm32l4xx_hal_uart.o
 .text.UART_RxISR_8BIT
                0x0800753c      0x1bc ./Drivers/STM32L4xx_HAL_Driver/Src/stm32l4xx_hal_uart.o
 .text.UART_RxISR_16BIT
                0x080076f8      0x1bc ./Drivers/STM32L4xx_HAL_Driver/Src/stm32l4xx_hal_uart.o
 .text.HAL_UARTEx_WakeupCallback
                0x080078b4       0x14 ./Drivers/STM32L4xx_HAL_Driver/Src/stm32l4xx_hal_uart_ex.o
                0x080078b4                HAL_UARTEx_WakeupCallback
 .text.malloc   0x080078c8       0x10 E:/ST/STM32CubeIDE_1.18.1/STM32CubeIDE/plugins/com.st.stm32cube.ide.mcu.externaltools.gnu-tools-for-stm32.13.3.rel1.win32_1.0.0.202411081344/tools/bin/../lib/gcc/arm-none-eabi/13.3.1/../../../../arm-none-eabi/lib/thumb/v7e-m+fp/hard\libc_nano.a(libc_a-malloc.o)
                0x080078c8                malloc
 .text.free     0x080078d8       0x10 E:/ST/STM32CubeIDE_1.18.1/STM32CubeIDE/plugins/com.st.stm32cube.ide.mcu.externaltools.gnu-tools-for-stm32.13.3.rel1.win32_1.0.0.202411081344/tools/bin/../lib/gcc/arm-none-eabi/13.3.1/../../../../arm-none-eabi/lib/thumb/v7e-m+fp/hard\libc_nano.a(libc_a-malloc.o)
                0x080078d8                free
 .text.sbrk_aligned
                0x080078e8       0x44 E:/ST/STM32CubeIDE_1.18.1/STM32CubeIDE/plugins/com.st.stm32cube.ide.mcu.externaltools.gnu-tools-for-stm32.13.3.rel1.win32_1.0.0.202411081344/tools/bin/../lib/gcc/arm-none-eabi/13.3.1/../../../../arm-none-eabi/lib/thumb/v7e-m+fp/hard\libc_nano.a(libc_a-mallocr.o)
 .text._malloc_r
                0x0800792c      0x100 E:/ST/STM32CubeIDE_1.18.1/STM32CubeIDE/plugins/com.st.stm32cube.ide.mcu.externaltools.gnu-tools-for-stm32.13.3.rel1.win32_1.0.0.202411081344/tools/bin/../lib/gcc/arm-none-eabi/13.3.1/../../../../arm-none-eabi/lib/thumb/v7e-m+fp/hard\libc_nano.a(libc_a-mallocr.o)
                0x0800792c                _malloc_r
 .text.__malloc_lock
                0x08007a2c        0xc E:/ST/STM32CubeIDE_1.18.1/STM32CubeIDE/plugins/com.st.stm32cube.ide.mcu.externaltools.gnu-tools-for-stm32.13.3.rel1.win32_1.0.0.202411081344/tools/bin/../lib/gcc/arm-none-eabi/13.3.1/../../../../arm-none-eabi/lib/thumb/v7e-m+fp/hard\libc_nano.a(libc_a-mlock.o)
                0x08007a2c                __malloc_lock
 .text.__malloc_unlock
                0x08007a38        0xc E:/ST/STM32CubeIDE_1.18.1/STM32CubeIDE/plugins/com.st.stm32cube.ide.mcu.externaltools.gnu-tools-for-stm32.13.3.rel1.win32_1.0.0.202411081344/tools/bin/../lib/gcc/arm-none-eabi/13.3.1/../../../../arm-none-eabi/lib/thumb/v7e-m+fp/hard\libc_nano.a(libc_a-mlock.o)
                0x08007a38                __malloc_unlock
 .text.memset   0x08007a44       0x10 E:/ST/STM32CubeIDE_1.18.1/STM32CubeIDE/plugins/com.st.stm32cube.ide.mcu.externaltools.gnu-tools-for-stm32.13.3.rel1.win32_1.0.0.202411081344/tools/bin/../lib/gcc/arm-none-eabi/13.3.1/../../../../arm-none-eabi/lib/thumb/v7e-m+fp/hard\libc_nano.a(libc_a-memset.o)
                0x08007a44                memset
 .text.strstr   0x08007a54       0x2c E:/ST/STM32CubeIDE_1.18.1/STM32CubeIDE/plugins/com.st.stm32cube.ide.mcu.externaltools.gnu-tools-for-stm32.13.3.rel1.win32_1.0.0.202411081344/tools/bin/../lib/gcc/arm-none-eabi/13.3.1/../../../../arm-none-eabi/lib/thumb/v7e-m+fp/hard\libc_nano.a(libc_a-strstr.o)
                0x08007a54                strstr
 .text._sbrk_r  0x08007a80       0x20 E:/ST/STM32CubeIDE_1.18.1/STM32CubeIDE/plugins/com.st.stm32cube.ide.mcu.externaltools.gnu-tools-for-stm32.13.3.rel1.win32_1.0.0.202411081344/tools/bin/../lib/gcc/arm-none-eabi/13.3.1/../../../../arm-none-eabi/lib/thumb/v7e-m+fp/hard\libc_nano.a(libc_a-sbrkr.o)
                0x08007a80                _sbrk_r
 .text.__errno  0x08007aa0        0xc E:/ST/STM32CubeIDE_1.18.1/STM32CubeIDE/plugins/com.st.stm32cube.ide.mcu.externaltools.gnu-tools-for-stm32.13.3.rel1.win32_1.0.0.202411081344/tools/bin/../lib/gcc/arm-none-eabi/13.3.1/../../../../arm-none-eabi/lib/thumb/v7e-m+fp/hard\libc_nano.a(libc_a-errno.o)
                0x08007aa0                __errno
 .text.__libc_init_array
                0x08007aac       0x48 E:/ST/STM32CubeIDE_1.18.1/STM32CubeIDE/plugins/com.st.stm32cube.ide.mcu.externaltools.gnu-tools-for-stm32.13.3.rel1.win32_1.0.0.202411081344/tools/bin/../lib/gcc/arm-none-eabi/13.3.1/../../../../arm-none-eabi/lib/thumb/v7e-m+fp/hard\libc_nano.a(libc_a-init.o)
                0x08007aac                __libc_init_array
 .text.__retarget_lock_acquire_recursive
                0x08007af4        0x2 E:/ST/STM32CubeIDE_1.18.1/STM32CubeIDE/plugins/com.st.stm32cube.ide.mcu.externaltools.gnu-tools-for-stm32.13.3.rel1.win32_1.0.0.202411081344/tools/bin/../lib/gcc/arm-none-eabi/13.3.1/../../../../arm-none-eabi/lib/thumb/v7e-m+fp/hard\libc_nano.a(libc_a-lock.o)
                0x08007af4                __retarget_lock_acquire_recursive
 .text.__retarget_lock_release_recursive
                0x08007af6        0x2 E:/ST/STM32CubeIDE_1.18.1/STM32CubeIDE/plugins/com.st.stm32cube.ide.mcu.externaltools.gnu-tools-for-stm32.13.3.rel1.win32_1.0.0.202411081344/tools/bin/../lib/gcc/arm-none-eabi/13.3.1/../../../../arm-none-eabi/lib/thumb/v7e-m+fp/hard\libc_nano.a(libc_a-lock.o)
                0x08007af6                __retarget_lock_release_recursive
 .text._free_r  0x08007af8       0x94 E:/ST/STM32CubeIDE_1.18.1/STM32CubeIDE/plugins/com.st.stm32cube.ide.mcu.externaltools.gnu-tools-for-stm32.13.3.rel1.win32_1.0.0.202411081344/tools/bin/../lib/gcc/arm-none-eabi/13.3.1/../../../../arm-none-eabi/lib/thumb/v7e-m+fp/hard\libc_nano.a(libc_a-freer.o)
                0x08007af8                _free_r
 *(.glue_7)
 .glue_7        0x08007b8c        0x0 linker stubs
 *(.glue_7t)
 .glue_7t       0x08007b8c        0x0 linker stubs
 *(.eh_frame)
 .eh_frame      0x08007b8c        0x0 E:/ST/STM32CubeIDE_1.18.1/STM32CubeIDE/plugins/com.st.stm32cube.ide.mcu.externaltools.gnu-tools-for-stm32.13.3.rel1.win32_1.0.0.202411081344/tools/bin/../lib/gcc/arm-none-eabi/13.3.1/thumb/v7e-m+fp/hard/crtbegin.o
 *(.init)
 .init          0x08007b8c        0x4 E:/ST/STM32CubeIDE_1.18.1/STM32CubeIDE/plugins/com.st.stm32cube.ide.mcu.externaltools.gnu-tools-for-stm32.13.3.rel1.win32_1.0.0.202411081344/tools/bin/../lib/gcc/arm-none-eabi/13.3.1/thumb/v7e-m+fp/hard/crti.o
                0x08007b8c                _init
 .init          0x08007b90        0x8 E:/ST/STM32CubeIDE_1.18.1/STM32CubeIDE/plugins/com.st.stm32cube.ide.mcu.externaltools.gnu-tools-for-stm32.13.3.rel1.win32_1.0.0.202411081344/tools/bin/../lib/gcc/arm-none-eabi/13.3.1/thumb/v7e-m+fp/hard/crtn.o
 *(.fini)
 .fini          0x08007b98        0x4 E:/ST/STM32CubeIDE_1.18.1/STM32CubeIDE/plugins/com.st.stm32cube.ide.mcu.externaltools.gnu-tools-for-stm32.13.3.rel1.win32_1.0.0.202411081344/tools/bin/../lib/gcc/arm-none-eabi/13.3.1/thumb/v7e-m+fp/hard/crti.o
                0x08007b98                _fini
 .fini          0x08007b9c        0x8 E:/ST/STM32CubeIDE_1.18.1/STM32CubeIDE/plugins/com.st.stm32cube.ide.mcu.externaltools.gnu-tools-for-stm32.13.3.rel1.win32_1.0.0.202411081344/tools/bin/../lib/gcc/arm-none-eabi/13.3.1/thumb/v7e-m+fp/hard/crtn.o
                0x08007ba4                        . = ALIGN (0x4)
                0x08007ba4                        _etext = .

.vfp11_veneer   0x08007ba4        0x0
 .vfp11_veneer  0x08007ba4        0x0 linker stubs

.v4_bx          0x08007ba4        0x0
 .v4_bx         0x08007ba4        0x0 linker stubs

.iplt           0x08007ba4        0x0
 .iplt          0x08007ba4        0x0 E:/ST/STM32CubeIDE_1.18.1/STM32CubeIDE/plugins/com.st.stm32cube.ide.mcu.externaltools.gnu-tools-for-stm32.13.3.rel1.win32_1.0.0.202411081344/tools/bin/../lib/gcc/arm-none-eabi/13.3.1/thumb/v7e-m+fp/hard/crtbegin.o

.rodata         0x08007ba4      0xe88
                0x08007ba4                        . = ALIGN (0x4)
 *(.rodata)
 .rodata        0x08007ba4       0x6f ./Core/Src/main.o
 *(.rodata*)
 *fill*         0x08007c13        0x1 
 .rodata.init_cmds1
                0x08007c14       0x38 ./Core/Src/ST7735.o
                0x08007c14                init_cmds1
 .rodata.init_cmds2
                0x08007c4c        0xd ./Core/Src/ST7735.o
                0x08007c4c                init_cmds2
 *fill*         0x08007c59        0x3 
 .rodata.init_cmds3
                0x08007c5c       0x2b ./Core/Src/ST7735.o
                0x08007c5c                init_cmds3
 *fill*         0x08007c87        0x1 
 .rodata.Font11x18
                0x08007c88      0xd5c ./Core/Src/fonts.o
 .rodata.AHBPrescTable
                0x080089e4       0x10 ./Core/Src/system_stm32l4xx.o
                0x080089e4                AHBPrescTable
 .rodata.APBPrescTable
                0x080089f4        0x8 ./Core/Src/system_stm32l4xx.o
                0x080089f4                APBPrescTable
 .rodata.MSIRangeTable
                0x080089fc       0x30 ./Core/Src/system_stm32l4xx.o
                0x080089fc                MSIRangeTable
                0x08008a2c                        . = ALIGN (0x4)

.ARM.extab      0x08008a2c        0x0
                0x08008a2c                        . = ALIGN (0x4)
 *(.ARM.extab* .gnu.linkonce.armextab.*)
                0x08008a2c                        . = ALIGN (0x4)

.ARM            0x08008a2c        0x8
                0x08008a2c                        . = ALIGN (0x4)
                0x08008a2c                        __exidx_start = .
 *(.ARM.exidx*)
 .ARM.exidx     0x08008a2c        0x8 E:/ST/STM32CubeIDE_1.18.1/STM32CubeIDE/plugins/com.st.stm32cube.ide.mcu.externaltools.gnu-tools-for-stm32.13.3.rel1.win32_1.0.0.202411081344/tools/bin/../lib/gcc/arm-none-eabi/13.3.1/thumb/v7e-m+fp/hard\libgcc.a(_udivmoddi4.o)
                0x08008a34                        __exidx_end = .
                0x08008a34                        . = ALIGN (0x4)

.preinit_array  0x08008a34        0x0
                0x08008a34                        . = ALIGN (0x4)
                0x08008a34                        PROVIDE (__preinit_array_start = .)
 *(.preinit_array*)
                0x08008a34                        PROVIDE (__preinit_array_end = .)
                0x08008a34                        . = ALIGN (0x4)

.init_array     0x08008a34        0x4
                0x08008a34                        . = ALIGN (0x4)
                0x08008a34                        PROVIDE (__init_array_start = .)
 *(SORT_BY_NAME(.init_array.*))
 *(.init_array*)
 .init_array    0x08008a34        0x4 E:/ST/STM32CubeIDE_1.18.1/STM32CubeIDE/plugins/com.st.stm32cube.ide.mcu.externaltools.gnu-tools-for-stm32.13.3.rel1.win32_1.0.0.202411081344/tools/bin/../lib/gcc/arm-none-eabi/13.3.1/thumb/v7e-m+fp/hard/crtbegin.o
                0x08008a38                        PROVIDE (__init_array_end = .)
                0x08008a38                        . = ALIGN (0x4)

.fini_array     0x08008a38        0x4
                0x08008a38                        . = ALIGN (0x4)
                [!provide]                        PROVIDE (__fini_array_start = .)
 *(SORT_BY_NAME(.fini_array.*))
 *(.fini_array*)
 .fini_array    0x08008a38        0x4 E:/ST/STM32CubeIDE_1.18.1/STM32CubeIDE/plugins/com.st.stm32cube.ide.mcu.externaltools.gnu-tools-for-stm32.13.3.rel1.win32_1.0.0.202411081344/tools/bin/../lib/gcc/arm-none-eabi/13.3.1/thumb/v7e-m+fp/hard/crtbegin.o
                [!provide]                        PROVIDE (__fini_array_end = .)
                0x08008a3c                        . = ALIGN (0x4)
                0x08008a3c                        _sidata = LOADADDR (.data)

.rel.dyn        0x08008a3c        0x0
 .rel.iplt      0x08008a3c        0x0 E:/ST/STM32CubeIDE_1.18.1/STM32CubeIDE/plugins/com.st.stm32cube.ide.mcu.externaltools.gnu-tools-for-stm32.13.3.rel1.win32_1.0.0.202411081344/tools/bin/../lib/gcc/arm-none-eabi/13.3.1/thumb/v7e-m+fp/hard/crtbegin.o

.data           0x20000000       0x78 load address 0x08008a3c
                0x20000000                        . = ALIGN (0x4)
                0x20000000                        _sdata = .
 *(.data)
 *(.data*)
 .data.spi_ready
                0x20000000        0x1 ./Core/Src/ST7735.o
                0x20000000                spi_ready
 *fill*         0x20000001        0x3 
 .data.Font_11x18
                0x20000004        0x8 ./Core/Src/fonts.o
                0x20000004                Font_11x18
 .data.menu     0x2000000c       0x10 ./Core/Src/main.o
                0x2000000c                menu
 .data.SystemCoreClock
                0x2000001c        0x4 ./Core/Src/system_stm32l4xx.o
                0x2000001c                SystemCoreClock
 .data.uwTickPrio
                0x20000020        0x4 ./Drivers/STM32L4xx_HAL_Driver/Src/stm32l4xx_hal.o
                0x20000020                uwTickPrio
 .data.uwTickFreq
                0x20000024        0x1 ./Drivers/STM32L4xx_HAL_Driver/Src/stm32l4xx_hal.o
                0x20000024                uwTickFreq
 *fill*         0x20000025        0x3 
 .data._impure_ptr
                0x20000028        0x4 E:/ST/STM32CubeIDE_1.18.1/STM32CubeIDE/plugins/com.st.stm32cube.ide.mcu.externaltools.gnu-tools-for-stm32.13.3.rel1.win32_1.0.0.202411081344/tools/bin/../lib/gcc/arm-none-eabi/13.3.1/../../../../arm-none-eabi/lib/thumb/v7e-m+fp/hard\libc_nano.a(libc_a-impure.o)
                0x20000028                _impure_ptr
 .data._impure_data
                0x2000002c       0x4c E:/ST/STM32CubeIDE_1.18.1/STM32CubeIDE/plugins/com.st.stm32cube.ide.mcu.externaltools.gnu-tools-for-stm32.13.3.rel1.win32_1.0.0.202411081344/tools/bin/../lib/gcc/arm-none-eabi/13.3.1/../../../../arm-none-eabi/lib/thumb/v7e-m+fp/hard\libc_nano.a(libc_a-impure.o)
                0x2000002c                _impure_data
 *(.RamFunc)
 *(.RamFunc*)
                0x20000078                        . = ALIGN (0x4)
                0x20000078                        _edata = .

.igot.plt       0x20000078        0x0 load address 0x08008ab4
 .igot.plt      0x20000078        0x0 E:/ST/STM32CubeIDE_1.18.1/STM32CubeIDE/plugins/com.st.stm32cube.ide.mcu.externaltools.gnu-tools-for-stm32.13.3.rel1.win32_1.0.0.202411081344/tools/bin/../lib/gcc/arm-none-eabi/13.3.1/thumb/v7e-m+fp/hard/crtbegin.o
                0x20000078                        . = ALIGN (0x4)

.bss            0x20000078      0x304 load address 0x08008ab4
                0x20000078                        _sbss = .
                0x20000078                        __bss_start__ = _sbss
 *(.bss)
 .bss           0x20000078       0x1c E:/ST/STM32CubeIDE_1.18.1/STM32CubeIDE/plugins/com.st.stm32cube.ide.mcu.externaltools.gnu-tools-for-stm32.13.3.rel1.win32_1.0.0.202411081344/tools/bin/../lib/gcc/arm-none-eabi/13.3.1/thumb/v7e-m+fp/hard/crtbegin.o
 *(.bss*)
 .bss._width    0x20000094        0x2 ./Core/Src/ST7735.o
                0x20000094                _width
 .bss._height   0x20000096        0x2 ./Core/Src/ST7735.o
                0x20000096                _height
 .bss.rotation  0x20000098        0x1 ./Core/Src/ST7735.o
                0x20000098                rotation
 .bss._colstart
                0x20000099        0x1 ./Core/Src/ST7735.o
                0x20000099                _colstart
 .bss._rowstart
                0x2000009a        0x1 ./Core/Src/ST7735.o
                0x2000009a                _rowstart
 .bss._xstart   0x2000009b        0x1 ./Core/Src/ST7735.o
                0x2000009b                _xstart
 .bss._ystart   0x2000009c        0x1 ./Core/Src/ST7735.o
                0x2000009c                _ystart
 .bss.dma_active
                0x2000009d        0x1 ./Core/Src/ST7735.o
                0x2000009d                dma_active
 *fill*         0x2000009e        0x2 
 .bss.dma_buffer
                0x200000a0        0x4 ./Core/Src/ST7735.o
                0x200000a0                dma_buffer
 .bss.dma_buffer_size
                0x200000a4        0x4 ./Core/Src/ST7735.o
                0x200000a4                dma_buffer_size
 .bss.hlpuart1  0x200000a8       0x88 ./Core/Src/main.o
                0x200000a8                hlpuart1
 .bss.hspi1     0x20000130       0x64 ./Core/Src/main.o
                0x20000130                hspi1
 .bss.hdma_spi1_rx
                0x20000194       0x48 ./Core/Src/main.o
                0x20000194                hdma_spi1_rx
 .bss.hdma_spi1_tx
                0x200001dc       0x48 ./Core/Src/main.o
                0x200001dc                hdma_spi1_tx
 .bss.rx_ready  0x20000224        0x1 ./Core/Src/main.o
                0x20000224                rx_ready
 .bss.last_char
                0x20000225        0x1 ./Core/Src/main.o
                0x20000225                last_char
 .bss.rx_char   0x20000226        0x1 ./Core/Src/main.o
                0x20000226                rx_char
 *fill*         0x20000227        0x1 
 .bss.selected  0x20000228        0x4 ./Core/Src/main.o
                0x20000228                selected
 .bss.__sbrk_heap_end
                0x2000022c        0x4 ./Core/Src/sysmem.o
 .bss.uwTick    0x20000230        0x4 ./Drivers/STM32L4xx_HAL_Driver/Src/stm32l4xx_hal.o
                0x20000230                uwTick
 .bss.__malloc_sbrk_start
                0x20000234        0x4 E:/ST/STM32CubeIDE_1.18.1/STM32CubeIDE/plugins/com.st.stm32cube.ide.mcu.externaltools.gnu-tools-for-stm32.13.3.rel1.win32_1.0.0.202411081344/tools/bin/../lib/gcc/arm-none-eabi/13.3.1/../../../../arm-none-eabi/lib/thumb/v7e-m+fp/hard\libc_nano.a(libc_a-mallocr.o)
                0x20000234                __malloc_sbrk_start
 .bss.__malloc_free_list
                0x20000238        0x4 E:/ST/STM32CubeIDE_1.18.1/STM32CubeIDE/plugins/com.st.stm32cube.ide.mcu.externaltools.gnu-tools-for-stm32.13.3.rel1.win32_1.0.0.202411081344/tools/bin/../lib/gcc/arm-none-eabi/13.3.1/../../../../arm-none-eabi/lib/thumb/v7e-m+fp/hard\libc_nano.a(libc_a-mallocr.o)
                0x20000238                __malloc_free_list
 .bss.__sf      0x2000023c      0x138 E:/ST/STM32CubeIDE_1.18.1/STM32CubeIDE/plugins/com.st.stm32cube.ide.mcu.externaltools.gnu-tools-for-stm32.13.3.rel1.win32_1.0.0.202411081344/tools/bin/../lib/gcc/arm-none-eabi/13.3.1/../../../../arm-none-eabi/lib/thumb/v7e-m+fp/hard\libc_nano.a(libc_a-findfp.o)
                0x2000023c                __sf
 .bss.errno     0x20000374        0x4 E:/ST/STM32CubeIDE_1.18.1/STM32CubeIDE/plugins/com.st.stm32cube.ide.mcu.externaltools.gnu-tools-for-stm32.13.3.rel1.win32_1.0.0.202411081344/tools/bin/../lib/gcc/arm-none-eabi/13.3.1/../../../../arm-none-eabi/lib/thumb/v7e-m+fp/hard\libc_nano.a(libc_a-reent.o)
                0x20000374                errno
 .bss.__lock___malloc_recursive_mutex
                0x20000378        0x1 E:/ST/STM32CubeIDE_1.18.1/STM32CubeIDE/plugins/com.st.stm32cube.ide.mcu.externaltools.gnu-tools-for-stm32.13.3.rel1.win32_1.0.0.202411081344/tools/bin/../lib/gcc/arm-none-eabi/13.3.1/../../../../arm-none-eabi/lib/thumb/v7e-m+fp/hard\libc_nano.a(libc_a-lock.o)
                0x20000378                __lock___malloc_recursive_mutex
 *(COMMON)
                0x2000037c                        . = ALIGN (0x4)
 *fill*         0x20000379        0x3 
                0x2000037c                        _ebss = .
                0x2000037c                        __bss_end__ = _ebss

._user_heap_stack
                0x2000037c      0x604 load address 0x08008ab4
                0x20000380                        . = ALIGN (0x8)
 *fill*         0x2000037c        0x4 
                [!provide]                        PROVIDE (end = .)
                0x20000380                        PROVIDE (_end = .)
                0x20000580                        . = (. + _Min_Heap_Size)
 *fill*         0x20000380      0x200 
                0x20000980                        . = (. + _Min_Stack_Size)
 *fill*         0x20000580      0x400 
                0x20000980                        . = ALIGN (0x8)

/DISCARD/
 libc.a(*)
 libm.a(*)
 libgcc.a(*)

.ARM.attributes
                0x00000000       0x30
 *(.ARM.attributes)
 .ARM.attributes
                0x00000000       0x22 E:/ST/STM32CubeIDE_1.18.1/STM32CubeIDE/plugins/com.st.stm32cube.ide.mcu.externaltools.gnu-tools-for-stm32.13.3.rel1.win32_1.0.0.202411081344/tools/bin/../lib/gcc/arm-none-eabi/13.3.1/thumb/v7e-m+fp/hard/crti.o
 .ARM.attributes
                0x00000022       0x34 E:/ST/STM32CubeIDE_1.18.1/STM32CubeIDE/plugins/com.st.stm32cube.ide.mcu.externaltools.gnu-tools-for-stm32.13.3.rel1.win32_1.0.0.202411081344/tools/bin/../lib/gcc/arm-none-eabi/13.3.1/thumb/v7e-m+fp/hard/crtbegin.o
 .ARM.attributes
                0x00000056       0x34 ./Core/Src/GFX_FUNCTIONS.o
 .ARM.attributes
                0x0000008a       0x34 ./Core/Src/ST7735.o
 .ARM.attributes
                0x000000be       0x34 ./Core/Src/fonts.o
 .ARM.attributes
                0x000000f2       0x34 ./Core/Src/main.o
 .ARM.attributes
                0x00000126       0x34 ./Core/Src/stm32l4xx_hal_msp.o
 .ARM.attributes
                0x0000015a       0x34 ./Core/Src/stm32l4xx_it.o
 .ARM.attributes
                0x0000018e       0x34 ./Core/Src/sysmem.o
 .ARM.attributes
                0x000001c2       0x34 ./Core/Src/system_stm32l4xx.o
 .ARM.attributes
                0x000001f6       0x21 ./Core/Startup/startup_stm32l4a6zgtx.o
 .ARM.attributes
                0x00000217       0x34 ./Drivers/STM32L4xx_HAL_Driver/Src/stm32l4xx_hal.o
 .ARM.attributes
                0x0000024b       0x34 ./Drivers/STM32L4xx_HAL_Driver/Src/stm32l4xx_hal_cortex.o
 .ARM.attributes
                0x0000027f       0x34 ./Drivers/STM32L4xx_HAL_Driver/Src/stm32l4xx_hal_dma.o
 .ARM.attributes
                0x000002b3       0x34 ./Drivers/STM32L4xx_HAL_Driver/Src/stm32l4xx_hal_gpio.o
 .ARM.attributes
                0x000002e7       0x34 ./Drivers/STM32L4xx_HAL_Driver/Src/stm32l4xx_hal_pwr_ex.o
 .ARM.attributes
                0x0000031b       0x34 ./Drivers/STM32L4xx_HAL_Driver/Src/stm32l4xx_hal_rcc.o
 .ARM.attributes
                0x0000034f       0x34 ./Drivers/STM32L4xx_HAL_Driver/Src/stm32l4xx_hal_rcc_ex.o
 .ARM.attributes
                0x00000383       0x34 ./Drivers/STM32L4xx_HAL_Driver/Src/stm32l4xx_hal_spi.o
 .ARM.attributes
                0x000003b7       0x34 ./Drivers/STM32L4xx_HAL_Driver/Src/stm32l4xx_hal_uart.o
 .ARM.attributes
                0x000003eb       0x34 ./Drivers/STM32L4xx_HAL_Driver/Src/stm32l4xx_hal_uart_ex.o
 .ARM.attributes
                0x0000041f       0x34 E:/ST/STM32CubeIDE_1.18.1/STM32CubeIDE/plugins/com.st.stm32cube.ide.mcu.externaltools.gnu-tools-for-stm32.13.3.rel1.win32_1.0.0.202411081344/tools/bin/../lib/gcc/arm-none-eabi/13.3.1/../../../../arm-none-eabi/lib/thumb/v7e-m+fp/hard\libc_nano.a(libc_a-malloc.o)
 .ARM.attributes
                0x00000453       0x34 E:/ST/STM32CubeIDE_1.18.1/STM32CubeIDE/plugins/com.st.stm32cube.ide.mcu.externaltools.gnu-tools-for-stm32.13.3.rel1.win32_1.0.0.202411081344/tools/bin/../lib/gcc/arm-none-eabi/13.3.1/../../../../arm-none-eabi/lib/thumb/v7e-m+fp/hard\libc_nano.a(libc_a-mallocr.o)
 .ARM.attributes
                0x00000487       0x34 E:/ST/STM32CubeIDE_1.18.1/STM32CubeIDE/plugins/com.st.stm32cube.ide.mcu.externaltools.gnu-tools-for-stm32.13.3.rel1.win32_1.0.0.202411081344/tools/bin/../lib/gcc/arm-none-eabi/13.3.1/../../../../arm-none-eabi/lib/thumb/v7e-m+fp/hard\libc_nano.a(libc_a-mlock.o)
 .ARM.attributes
                0x000004bb       0x34 E:/ST/STM32CubeIDE_1.18.1/STM32CubeIDE/plugins/com.st.stm32cube.ide.mcu.externaltools.gnu-tools-for-stm32.13.3.rel1.win32_1.0.0.202411081344/tools/bin/../lib/gcc/arm-none-eabi/13.3.1/../../../../arm-none-eabi/lib/thumb/v7e-m+fp/hard\libc_nano.a(libc_a-findfp.o)
 .ARM.attributes
                0x000004ef       0x34 E:/ST/STM32CubeIDE_1.18.1/STM32CubeIDE/plugins/com.st.stm32cube.ide.mcu.externaltools.gnu-tools-for-stm32.13.3.rel1.win32_1.0.0.202411081344/tools/bin/../lib/gcc/arm-none-eabi/13.3.1/../../../../arm-none-eabi/lib/thumb/v7e-m+fp/hard\libc_nano.a(libc_a-memset.o)
 .ARM.attributes
                0x00000523       0x34 E:/ST/STM32CubeIDE_1.18.1/STM32CubeIDE/plugins/com.st.stm32cube.ide.mcu.externaltools.gnu-tools-for-stm32.13.3.rel1.win32_1.0.0.202411081344/tools/bin/../lib/gcc/arm-none-eabi/13.3.1/../../../../arm-none-eabi/lib/thumb/v7e-m+fp/hard\libc_nano.a(libc_a-strstr.o)
 .ARM.attributes
                0x00000557       0x34 E:/ST/STM32CubeIDE_1.18.1/STM32CubeIDE/plugins/com.st.stm32cube.ide.mcu.externaltools.gnu-tools-for-stm32.13.3.rel1.win32_1.0.0.202411081344/tools/bin/../lib/gcc/arm-none-eabi/13.3.1/../../../../arm-none-eabi/lib/thumb/v7e-m+fp/hard\libc_nano.a(libc_a-reent.o)
 .ARM.attributes
                0x0000058b       0x34 E:/ST/STM32CubeIDE_1.18.1/STM32CubeIDE/plugins/com.st.stm32cube.ide.mcu.externaltools.gnu-tools-for-stm32.13.3.rel1.win32_1.0.0.202411081344/tools/bin/../lib/gcc/arm-none-eabi/13.3.1/../../../../arm-none-eabi/lib/thumb/v7e-m+fp/hard\libc_nano.a(libc_a-impure.o)
 .ARM.attributes
                0x000005bf       0x34 E:/ST/STM32CubeIDE_1.18.1/STM32CubeIDE/plugins/com.st.stm32cube.ide.mcu.externaltools.gnu-tools-for-stm32.13.3.rel1.win32_1.0.0.202411081344/tools/bin/../lib/gcc/arm-none-eabi/13.3.1/../../../../arm-none-eabi/lib/thumb/v7e-m+fp/hard\libc_nano.a(libc_a-sbrkr.o)
 .ARM.attributes
                0x000005f3       0x34 E:/ST/STM32CubeIDE_1.18.1/STM32CubeIDE/plugins/com.st.stm32cube.ide.mcu.externaltools.gnu-tools-for-stm32.13.3.rel1.win32_1.0.0.202411081344/tools/bin/../lib/gcc/arm-none-eabi/13.3.1/../../../../arm-none-eabi/lib/thumb/v7e-m+fp/hard\libc_nano.a(libc_a-errno.o)
 .ARM.attributes
                0x00000627       0x34 E:/ST/STM32CubeIDE_1.18.1/STM32CubeIDE/plugins/com.st.stm32cube.ide.mcu.externaltools.gnu-tools-for-stm32.13.3.rel1.win32_1.0.0.202411081344/tools/bin/../lib/gcc/arm-none-eabi/13.3.1/../../../../arm-none-eabi/lib/thumb/v7e-m+fp/hard\libc_nano.a(libc_a-init.o)
 .ARM.attributes
                0x0000065b       0x34 E:/ST/STM32CubeIDE_1.18.1/STM32CubeIDE/plugins/com.st.stm32cube.ide.mcu.externaltools.gnu-tools-for-stm32.13.3.rel1.win32_1.0.0.202411081344/tools/bin/../lib/gcc/arm-none-eabi/13.3.1/../../../../arm-none-eabi/lib/thumb/v7e-m+fp/hard\libc_nano.a(libc_a-lock.o)
 .ARM.attributes
                0x0000068f       0x34 E:/ST/STM32CubeIDE_1.18.1/STM32CubeIDE/plugins/com.st.stm32cube.ide.mcu.externaltools.gnu-tools-for-stm32.13.3.rel1.win32_1.0.0.202411081344/tools/bin/../lib/gcc/arm-none-eabi/13.3.1/../../../../arm-none-eabi/lib/thumb/v7e-m+fp/hard\libc_nano.a(libc_a-freer.o)
 .ARM.attributes
                0x000006c3       0x22 E:/ST/STM32CubeIDE_1.18.1/STM32CubeIDE/plugins/com.st.stm32cube.ide.mcu.externaltools.gnu-tools-for-stm32.13.3.rel1.win32_1.0.0.202411081344/tools/bin/../lib/gcc/arm-none-eabi/13.3.1/thumb/v7e-m+fp/hard\libgcc.a(_aeabi_uldivmod.o)
 .ARM.attributes
                0x000006e5       0x34 E:/ST/STM32CubeIDE_1.18.1/STM32CubeIDE/plugins/com.st.stm32cube.ide.mcu.externaltools.gnu-tools-for-stm32.13.3.rel1.win32_1.0.0.202411081344/tools/bin/../lib/gcc/arm-none-eabi/13.3.1/thumb/v7e-m+fp/hard\libgcc.a(_udivmoddi4.o)
 .ARM.attributes
                0x00000719       0x22 E:/ST/STM32CubeIDE_1.18.1/STM32CubeIDE/plugins/com.st.stm32cube.ide.mcu.externaltools.gnu-tools-for-stm32.13.3.rel1.win32_1.0.0.202411081344/tools/bin/../lib/gcc/arm-none-eabi/13.3.1/thumb/v7e-m+fp/hard\libgcc.a(_dvmd_tls.o)
 .ARM.attributes
                0x0000073b       0x22 E:/ST/STM32CubeIDE_1.18.1/STM32CubeIDE/plugins/com.st.stm32cube.ide.mcu.externaltools.gnu-tools-for-stm32.13.3.rel1.win32_1.0.0.202411081344/tools/bin/../lib/gcc/arm-none-eabi/13.3.1/thumb/v7e-m+fp/hard/crtn.o
OUTPUT(MENU.elf elf32-littlearm)
LOAD linker stubs
LOAD E:/ST/STM32CubeIDE_1.18.1/STM32CubeIDE/plugins/com.st.stm32cube.ide.mcu.externaltools.gnu-tools-for-stm32.13.3.rel1.win32_1.0.0.202411081344/tools/bin/../lib/gcc/arm-none-eabi/13.3.1/../../../../arm-none-eabi/lib/thumb/v7e-m+fp/hard\libc.a
LOAD E:/ST/STM32CubeIDE_1.18.1/STM32CubeIDE/plugins/com.st.stm32cube.ide.mcu.externaltools.gnu-tools-for-stm32.13.3.rel1.win32_1.0.0.202411081344/tools/bin/../lib/gcc/arm-none-eabi/13.3.1/../../../../arm-none-eabi/lib/thumb/v7e-m+fp/hard\libm.a
LOAD E:/ST/STM32CubeIDE_1.18.1/STM32CubeIDE/plugins/com.st.stm32cube.ide.mcu.externaltools.gnu-tools-for-stm32.13.3.rel1.win32_1.0.0.202411081344/tools/bin/../lib/gcc/arm-none-eabi/13.3.1/thumb/v7e-m+fp/hard\libgcc.a

.debug_info     0x00000000    0x103f8
 .debug_info    0x00000000      0xe51 ./Core/Src/GFX_FUNCTIONS.o
 .debug_info    0x00000e51      0xe51 ./Core/Src/ST7735.o
 .debug_info    0x00001ca2      0x19a ./Core/Src/fonts.o
 .debug_info    0x00001e3c     0x16cd ./Core/Src/main.o
 .debug_info    0x00003509     0x1347 ./Core/Src/stm32l4xx_hal_msp.o
 .debug_info    0x00004850      0x773 ./Core/Src/stm32l4xx_it.o
 .debug_info    0x00004fc3      0x168 ./Core/Src/sysmem.o
 .debug_info    0x0000512b      0x5cd ./Core/Src/system_stm32l4xx.o
 .debug_info    0x000056f8       0x30 ./Core/Startup/startup_stm32l4a6zgtx.o
 .debug_info    0x00005728      0xb51 ./Drivers/STM32L4xx_HAL_Driver/Src/stm32l4xx_hal.o
 .debug_info    0x00006279      0xdbd ./Drivers/STM32L4xx_HAL_Driver/Src/stm32l4xx_hal_cortex.o
 .debug_info    0x00007036      0x6f4 ./Drivers/STM32L4xx_HAL_Driver/Src/stm32l4xx_hal_dma.o
 .debug_info    0x0000772a      0x76f ./Drivers/STM32L4xx_HAL_Driver/Src/stm32l4xx_hal_gpio.o
 .debug_info    0x00007e99      0x996 ./Drivers/STM32L4xx_HAL_Driver/Src/stm32l4xx_hal_pwr_ex.o
 .debug_info    0x0000882f      0xc3b ./Drivers/STM32L4xx_HAL_Driver/Src/stm32l4xx_hal_rcc.o
 .debug_info    0x0000946a     0x10c1 ./Drivers/STM32L4xx_HAL_Driver/Src/stm32l4xx_hal_rcc_ex.o
 .debug_info    0x0000a52b     0x1549 ./Drivers/STM32L4xx_HAL_Driver/Src/stm32l4xx_hal_spi.o
 .debug_info    0x0000ba74     0x3b85 ./Drivers/STM32L4xx_HAL_Driver/Src/stm32l4xx_hal_uart.o
 .debug_info    0x0000f5f9      0xdff ./Drivers/STM32L4xx_HAL_Driver/Src/stm32l4xx_hal_uart_ex.o

.debug_abbrev   0x00000000     0x2638
 .debug_abbrev  0x00000000      0x1b0 ./Core/Src/GFX_FUNCTIONS.o
 .debug_abbrev  0x000001b0      0x2d2 ./Core/Src/ST7735.o
 .debug_abbrev  0x00000482       0xb3 ./Core/Src/fonts.o
 .debug_abbrev  0x00000535      0x331 ./Core/Src/main.o
 .debug_abbrev  0x00000866      0x202 ./Core/Src/stm32l4xx_hal_msp.o
 .debug_abbrev  0x00000a68      0x174 ./Core/Src/stm32l4xx_it.o
 .debug_abbrev  0x00000bdc       0xbc ./Core/Src/sysmem.o
 .debug_abbrev  0x00000c98      0x11a ./Core/Src/system_stm32l4xx.o
 .debug_abbrev  0x00000db2       0x24 ./Core/Startup/startup_stm32l4a6zgtx.o
 .debug_abbrev  0x00000dd6      0x242 ./Drivers/STM32L4xx_HAL_Driver/Src/stm32l4xx_hal.o
 .debug_abbrev  0x00001018      0x31c ./Drivers/STM32L4xx_HAL_Driver/Src/stm32l4xx_hal_cortex.o
 .debug_abbrev  0x00001334      0x1e4 ./Drivers/STM32L4xx_HAL_Driver/Src/stm32l4xx_hal_dma.o
 .debug_abbrev  0x00001518      0x1cb ./Drivers/STM32L4xx_HAL_Driver/Src/stm32l4xx_hal_gpio.o
 .debug_abbrev  0x000016e3      0x1f9 ./Drivers/STM32L4xx_HAL_Driver/Src/stm32l4xx_hal_pwr_ex.o
 .debug_abbrev  0x000018dc      0x2cb ./Drivers/STM32L4xx_HAL_Driver/Src/stm32l4xx_hal_rcc.o
 .debug_abbrev  0x00001ba7      0x2a3 ./Drivers/STM32L4xx_HAL_Driver/Src/stm32l4xx_hal_rcc_ex.o
 .debug_abbrev  0x00001e4a      0x260 ./Drivers/STM32L4xx_HAL_Driver/Src/stm32l4xx_hal_spi.o
 .debug_abbrev  0x000020aa      0x2d0 ./Drivers/STM32L4xx_HAL_Driver/Src/stm32l4xx_hal_uart.o
 .debug_abbrev  0x0000237a      0x2be ./Drivers/STM32L4xx_HAL_Driver/Src/stm32l4xx_hal_uart_ex.o

.debug_aranges  0x00000000      0xe00
 .debug_aranges
                0x00000000      0x100 ./Core/Src/GFX_FUNCTIONS.o
 .debug_aranges
                0x00000100       0xb0 ./Core/Src/ST7735.o
 .debug_aranges
                0x000001b0       0x18 ./Core/Src/fonts.o
 .debug_aranges
                0x000001c8       0x78 ./Core/Src/main.o
 .debug_aranges
                0x00000240       0x40 ./Core/Src/stm32l4xx_hal_msp.o
 .debug_aranges
                0x00000280       0x78 ./Core/Src/stm32l4xx_it.o
 .debug_aranges
                0x000002f8       0x20 ./Core/Src/sysmem.o
 .debug_aranges
                0x00000318       0x28 ./Core/Src/system_stm32l4xx.o
 .debug_aranges
                0x00000340       0x28 ./Core/Startup/startup_stm32l4a6zgtx.o
 .debug_aranges
                0x00000368      0x130 ./Drivers/STM32L4xx_HAL_Driver/Src/stm32l4xx_hal.o
 .debug_aranges
                0x00000498      0x128 ./Drivers/STM32L4xx_HAL_Driver/Src/stm32l4xx_hal_cortex.o
 .debug_aranges
                0x000005c0       0x80 ./Drivers/STM32L4xx_HAL_Driver/Src/stm32l4xx_hal_dma.o
 .debug_aranges
                0x00000640       0x58 ./Drivers/STM32L4xx_HAL_Driver/Src/stm32l4xx_hal_gpio.o
 .debug_aranges
                0x00000698      0x150 ./Drivers/STM32L4xx_HAL_Driver/Src/stm32l4xx_hal_pwr_ex.o
 .debug_aranges
                0x000007e8       0x90 ./Drivers/STM32L4xx_HAL_Driver/Src/stm32l4xx_hal_rcc.o
 .debug_aranges
                0x00000878      0x108 ./Drivers/STM32L4xx_HAL_Driver/Src/stm32l4xx_hal_rcc_ex.o
 .debug_aranges
                0x00000980      0x1d8 ./Drivers/STM32L4xx_HAL_Driver/Src/stm32l4xx_hal_spi.o
 .debug_aranges
                0x00000b58      0x228 ./Drivers/STM32L4xx_HAL_Driver/Src/stm32l4xx_hal_uart.o
 .debug_aranges
                0x00000d80       0x80 ./Drivers/STM32L4xx_HAL_Driver/Src/stm32l4xx_hal_uart_ex.o

.debug_rnglists
                0x00000000      0xabd
 .debug_rnglists
                0x00000000       0xcd ./Core/Src/GFX_FUNCTIONS.o
 .debug_rnglists
                0x000000cd       0x87 ./Core/Src/ST7735.o
 .debug_rnglists
                0x00000154       0x5a ./Core/Src/main.o
 .debug_rnglists
                0x000001ae       0x2d ./Core/Src/stm32l4xx_hal_msp.o
 .debug_rnglists
                0x000001db       0x55 ./Core/Src/stm32l4xx_it.o
 .debug_rnglists
                0x00000230       0x13 ./Core/Src/sysmem.o
 .debug_rnglists
                0x00000243       0x1a ./Core/Src/system_stm32l4xx.o
 .debug_rnglists
                0x0000025d       0x19 ./Core/Startup/startup_stm32l4a6zgtx.o
 .debug_rnglists
                0x00000276       0xdf ./Drivers/STM32L4xx_HAL_Driver/Src/stm32l4xx_hal.o
 .debug_rnglists
                0x00000355       0xda ./Drivers/STM32L4xx_HAL_Driver/Src/stm32l4xx_hal_cortex.o
 .debug_rnglists
                0x0000042f       0x64 ./Drivers/STM32L4xx_HAL_Driver/Src/stm32l4xx_hal_dma.o
 .debug_rnglists
                0x00000493       0x3f ./Drivers/STM32L4xx_HAL_Driver/Src/stm32l4xx_hal_gpio.o
 .debug_rnglists
                0x000004d2       0xfd ./Drivers/STM32L4xx_HAL_Driver/Src/stm32l4xx_hal_pwr_ex.o
 .debug_rnglists
                0x000005cf       0x6d ./Drivers/STM32L4xx_HAL_Driver/Src/stm32l4xx_hal_rcc.o
 .debug_rnglists
                0x0000063c       0xce ./Drivers/STM32L4xx_HAL_Driver/Src/stm32l4xx_hal_rcc_ex.o
 .debug_rnglists
                0x0000070a      0x178 ./Drivers/STM32L4xx_HAL_Driver/Src/stm32l4xx_hal_spi.o
 .debug_rnglists
                0x00000882      0x1db ./Drivers/STM32L4xx_HAL_Driver/Src/stm32l4xx_hal_uart.o
 .debug_rnglists
                0x00000a5d       0x60 ./Drivers/STM32L4xx_HAL_Driver/Src/stm32l4xx_hal_uart_ex.o

.debug_macro    0x00000000    0x2983e
 .debug_macro   0x00000000      0x2bb ./Core/Src/GFX_FUNCTIONS.o
 .debug_macro   0x000002bb      0xad8 ./Core/Src/GFX_FUNCTIONS.o
 .debug_macro   0x00000d93       0x22 ./Core/Src/GFX_FUNCTIONS.o
 .debug_macro   0x00000db5       0x8e ./Core/Src/GFX_FUNCTIONS.o
 .debug_macro   0x00000e43       0x51 ./Core/Src/GFX_FUNCTIONS.o
 .debug_macro   0x00000e94      0x103 ./Core/Src/GFX_FUNCTIONS.o
 .debug_macro   0x00000f97       0x6a ./Core/Src/GFX_FUNCTIONS.o
 .debug_macro   0x00001001      0x1df ./Core/Src/GFX_FUNCTIONS.o
 .debug_macro   0x000011e0      0x1a7 ./Core/Src/GFX_FUNCTIONS.o
 .debug_macro   0x00001387       0x2e ./Core/Src/GFX_FUNCTIONS.o
 .debug_macro   0x000013b5       0x28 ./Core/Src/GFX_FUNCTIONS.o
 .debug_macro   0x000013dd       0x1c ./Core/Src/GFX_FUNCTIONS.o
 .debug_macro   0x000013f9       0x22 ./Core/Src/GFX_FUNCTIONS.o
 .debug_macro   0x0000141b       0xfb ./Core/Src/GFX_FUNCTIONS.o
 .debug_macro   0x00001516     0x1011 ./Core/Src/GFX_FUNCTIONS.o
 .debug_macro   0x00002527      0x11f ./Core/Src/GFX_FUNCTIONS.o
 .debug_macro   0x00002646    0x1c8c1 ./Core/Src/GFX_FUNCTIONS.o
 .debug_macro   0x0001ef07       0x6d ./Core/Src/GFX_FUNCTIONS.o
 .debug_macro   0x0001ef74     0x38fb ./Core/Src/GFX_FUNCTIONS.o
 .debug_macro   0x0002286f      0x190 ./Core/Src/GFX_FUNCTIONS.o
 .debug_macro   0x000229ff       0x5c ./Core/Src/GFX_FUNCTIONS.o
 .debug_macro   0x00022a5b     0x1909 ./Core/Src/GFX_FUNCTIONS.o
 .debug_macro   0x00024364      0x773 ./Core/Src/GFX_FUNCTIONS.o
 .debug_macro   0x00024ad7      0x1b9 ./Core/Src/GFX_FUNCTIONS.o
 .debug_macro   0x00024c90      0x202 ./Core/Src/GFX_FUNCTIONS.o
 .debug_macro   0x00024e92      0x26b ./Core/Src/GFX_FUNCTIONS.o
 .debug_macro   0x000250fd      0x23d ./Core/Src/GFX_FUNCTIONS.o
 .debug_macro   0x0002533a      0x241 ./Core/Src/GFX_FUNCTIONS.o
 .debug_macro   0x0002557b      0x3ad ./Core/Src/GFX_FUNCTIONS.o
 .debug_macro   0x00025928       0xe4 ./Core/Src/GFX_FUNCTIONS.o
 .debug_macro   0x00025a0c      0x122 ./Core/Src/GFX_FUNCTIONS.o
 .debug_macro   0x00025b2e      0x3ef ./Core/Src/GFX_FUNCTIONS.o
 .debug_macro   0x00025f1d      0x2fe ./Core/Src/GFX_FUNCTIONS.o
 .debug_macro   0x0002621b      0x5cf ./Core/Src/GFX_FUNCTIONS.o
 .debug_macro   0x000267ea       0x44 ./Core/Src/GFX_FUNCTIONS.o
 .debug_macro   0x0002682e      0x433 ./Core/Src/GFX_FUNCTIONS.o
 .debug_macro   0x00026c61       0x22 ./Core/Src/GFX_FUNCTIONS.o
 .debug_macro   0x00026c83      0x196 ./Core/Src/GFX_FUNCTIONS.o
 .debug_macro   0x00026e19       0x2a ./Core/Src/GFX_FUNCTIONS.o
 .debug_macro   0x00026e43       0x61 ./Core/Src/GFX_FUNCTIONS.o
 .debug_macro   0x00026ea4       0x43 ./Core/Src/GFX_FUNCTIONS.o
 .debug_macro   0x00026ee7       0x34 ./Core/Src/GFX_FUNCTIONS.o
 .debug_macro   0x00026f1b       0x16 ./Core/Src/GFX_FUNCTIONS.o
 .debug_macro   0x00026f31       0x3c ./Core/Src/GFX_FUNCTIONS.o
 .debug_macro   0x00026f6d      0x370 ./Core/Src/GFX_FUNCTIONS.o
 .debug_macro   0x000272dd       0x16 ./Core/Src/GFX_FUNCTIONS.o
 .debug_macro   0x000272f3       0x4a ./Core/Src/GFX_FUNCTIONS.o
 .debug_macro   0x0002733d       0x34 ./Core/Src/GFX_FUNCTIONS.o
 .debug_macro   0x00027371       0x10 ./Core/Src/GFX_FUNCTIONS.o
 .debug_macro   0x00027381       0x58 ./Core/Src/GFX_FUNCTIONS.o
 .debug_macro   0x000273d9       0x8e ./Core/Src/GFX_FUNCTIONS.o
 .debug_macro   0x00027467       0x1c ./Core/Src/GFX_FUNCTIONS.o
 .debug_macro   0x00027483      0x185 ./Core/Src/GFX_FUNCTIONS.o
 .debug_macro   0x00027608       0x16 ./Core/Src/GFX_FUNCTIONS.o
 .debug_macro   0x0002761e       0x29 ./Core/Src/GFX_FUNCTIONS.o
 .debug_macro   0x00027647      0x2df ./Core/Src/ST7735.o
 .debug_macro   0x00027926       0x16 ./Core/Src/ST7735.o
 .debug_macro   0x0002793c       0x20 ./Core/Src/ST7735.o
 .debug_macro   0x0002795c       0x6d ./Core/Src/fonts.o
 .debug_macro   0x000279c9      0x2d0 ./Core/Src/main.o
 .debug_macro   0x00027c99       0x28 ./Core/Src/main.o
 .debug_macro   0x00027cc1       0x10 ./Core/Src/main.o
 .debug_macro   0x00027cd1      0x1d0 ./Core/Src/stm32l4xx_hal_msp.o
 .debug_macro   0x00027ea1      0x1da ./Core/Src/stm32l4xx_it.o
 .debug_macro   0x0002807b      0x112 ./Core/Src/sysmem.o
 .debug_macro   0x0002818d      0x23c ./Core/Src/sysmem.o
 .debug_macro   0x000283c9      0x1c1 ./Core/Src/system_stm32l4xx.o
 .debug_macro   0x0002858a      0x20f ./Drivers/STM32L4xx_HAL_Driver/Src/stm32l4xx_hal.o
 .debug_macro   0x00028799      0x1c1 ./Drivers/STM32L4xx_HAL_Driver/Src/stm32l4xx_hal_cortex.o
 .debug_macro   0x0002895a      0x1c1 ./Drivers/STM32L4xx_HAL_Driver/Src/stm32l4xx_hal_dma.o
 .debug_macro   0x00028b1b      0x1c8 ./Drivers/STM32L4xx_HAL_Driver/Src/stm32l4xx_hal_gpio.o
 .debug_macro   0x00028ce3      0x1eb ./Drivers/STM32L4xx_HAL_Driver/Src/stm32l4xx_hal_pwr_ex.o
 .debug_macro   0x00028ece      0x203 ./Drivers/STM32L4xx_HAL_Driver/Src/stm32l4xx_hal_rcc.o
 .debug_macro   0x000290d1      0x1f7 ./Drivers/STM32L4xx_HAL_Driver/Src/stm32l4xx_hal_rcc_ex.o
 .debug_macro   0x000292c8      0x1c9 ./Drivers/STM32L4xx_HAL_Driver/Src/stm32l4xx_hal_spi.o
 .debug_macro   0x00029491      0x1ec ./Drivers/STM32L4xx_HAL_Driver/Src/stm32l4xx_hal_uart.o
 .debug_macro   0x0002967d      0x1c1 ./Drivers/STM32L4xx_HAL_Driver/Src/stm32l4xx_hal_uart_ex.o

.debug_line     0x00000000    0x11107
 .debug_line    0x00000000     0x1405 ./Core/Src/GFX_FUNCTIONS.o
 .debug_line    0x00001405      0xe7d ./Core/Src/ST7735.o
 .debug_line    0x00002282      0x40a ./Core/Src/fonts.o
 .debug_line    0x0000268c      0xbbd ./Core/Src/main.o
 .debug_line    0x00003249      0x852 ./Core/Src/stm32l4xx_hal_msp.o
 .debug_line    0x00003a9b      0x83e ./Core/Src/stm32l4xx_it.o
 .debug_line    0x000042d9      0x588 ./Core/Src/sysmem.o
 .debug_line    0x00004861      0x7e5 ./Core/Src/system_stm32l4xx.o
 .debug_line    0x00005046       0x7a ./Core/Startup/startup_stm32l4a6zgtx.o
 .debug_line    0x000050c0      0xb4d ./Drivers/STM32L4xx_HAL_Driver/Src/stm32l4xx_hal.o
 .debug_line    0x00005c0d      0xce8 ./Drivers/STM32L4xx_HAL_Driver/Src/stm32l4xx_hal_cortex.o
 .debug_line    0x000068f5      0xd27 ./Drivers/STM32L4xx_HAL_Driver/Src/stm32l4xx_hal_dma.o
 .debug_line    0x0000761c      0xb89 ./Drivers/STM32L4xx_HAL_Driver/Src/stm32l4xx_hal_gpio.o
 .debug_line    0x000081a5      0xd09 ./Drivers/STM32L4xx_HAL_Driver/Src/stm32l4xx_hal_pwr_ex.o
 .debug_line    0x00008eae     0x10fa ./Drivers/STM32L4xx_HAL_Driver/Src/stm32l4xx_hal_rcc.o
 .debug_line    0x00009fa8     0x17de ./Drivers/STM32L4xx_HAL_Driver/Src/stm32l4xx_hal_rcc_ex.o
 .debug_line    0x0000b786     0x202d ./Drivers/STM32L4xx_HAL_Driver/Src/stm32l4xx_hal_spi.o
 .debug_line    0x0000d7b3     0x2d70 ./Drivers/STM32L4xx_HAL_Driver/Src/stm32l4xx_hal_uart.o
 .debug_line    0x00010523      0xbe4 ./Drivers/STM32L4xx_HAL_Driver/Src/stm32l4xx_hal_uart_ex.o

.debug_str      0x00000000    0xfad98
 .debug_str     0x00000000    0xfad98 ./Core/Src/GFX_FUNCTIONS.o
                              0xf688c (size before relaxing)
 .debug_str     0x000fad98    0xf6dc4 ./Core/Src/ST7735.o
 .debug_str     0x000fad98     0x3e13 ./Core/Src/fonts.o
 .debug_str     0x000fad98    0xf775f ./Core/Src/main.o
 .debug_str     0x000fad98    0xf3f80 ./Core/Src/stm32l4xx_hal_msp.o
 .debug_str     0x000fad98    0xf341d ./Core/Src/stm32l4xx_it.o
 .debug_str     0x000fad98     0x7779 ./Core/Src/sysmem.o
 .debug_str     0x000fad98    0xf3047 ./Core/Src/system_stm32l4xx.o
 .debug_str     0x000fad98       0x7b ./Core/Startup/startup_stm32l4a6zgtx.o
 .debug_str     0x000fad98    0xf3c5d ./Drivers/STM32L4xx_HAL_Driver/Src/stm32l4xx_hal.o
 .debug_str     0x000fad98    0xf3930 ./Drivers/STM32L4xx_HAL_Driver/Src/stm32l4xx_hal_cortex.o
 .debug_str     0x000fad98    0xf32a4 ./Drivers/STM32L4xx_HAL_Driver/Src/stm32l4xx_hal_dma.o
 .debug_str     0x000fad98    0xf31c1 ./Drivers/STM32L4xx_HAL_Driver/Src/stm32l4xx_hal_gpio.o
 .debug_str     0x000fad98    0xf3596 ./Drivers/STM32L4xx_HAL_Driver/Src/stm32l4xx_hal_pwr_ex.o
 .debug_str     0x000fad98    0xf3694 ./Drivers/STM32L4xx_HAL_Driver/Src/stm32l4xx_hal_rcc.o
 .debug_str     0x000fad98    0xf3a2f ./Drivers/STM32L4xx_HAL_Driver/Src/stm32l4xx_hal_rcc_ex.o
 .debug_str     0x000fad98    0xf3855 ./Drivers/STM32L4xx_HAL_Driver/Src/stm32l4xx_hal_spi.o
 .debug_str     0x000fad98    0xf3d9f ./Drivers/STM32L4xx_HAL_Driver/Src/stm32l4xx_hal_uart.o
 .debug_str     0x000fad98    0xf35be ./Drivers/STM32L4xx_HAL_Driver/Src/stm32l4xx_hal_uart_ex.o

.comment        0x00000000       0x43
 .comment       0x00000000       0x43 ./Core/Src/GFX_FUNCTIONS.o
                                 0x44 (size before relaxing)
 .comment       0x00000043       0x44 ./Core/Src/ST7735.o
 .comment       0x00000043       0x44 ./Core/Src/fonts.o
 .comment       0x00000043       0x44 ./Core/Src/main.o
 .comment       0x00000043       0x44 ./Core/Src/stm32l4xx_hal_msp.o
 .comment       0x00000043       0x44 ./Core/Src/stm32l4xx_it.o
 .comment       0x00000043       0x44 ./Core/Src/sysmem.o
 .comment       0x00000043       0x44 ./Core/Src/system_stm32l4xx.o
 .comment       0x00000043       0x44 ./Drivers/STM32L4xx_HAL_Driver/Src/stm32l4xx_hal.o
 .comment       0x00000043       0x44 ./Drivers/STM32L4xx_HAL_Driver/Src/stm32l4xx_hal_cortex.o
 .comment       0x00000043       0x44 ./Drivers/STM32L4xx_HAL_Driver/Src/stm32l4xx_hal_dma.o
 .comment       0x00000043       0x44 ./Drivers/STM32L4xx_HAL_Driver/Src/stm32l4xx_hal_gpio.o
 .comment       0x00000043       0x44 ./Drivers/STM32L4xx_HAL_Driver/Src/stm32l4xx_hal_pwr_ex.o
 .comment       0x00000043       0x44 ./Drivers/STM32L4xx_HAL_Driver/Src/stm32l4xx_hal_rcc.o
 .comment       0x00000043       0x44 ./Drivers/STM32L4xx_HAL_Driver/Src/stm32l4xx_hal_rcc_ex.o
 .comment       0x00000043       0x44 ./Drivers/STM32L4xx_HAL_Driver/Src/stm32l4xx_hal_spi.o
 .comment       0x00000043       0x44 ./Drivers/STM32L4xx_HAL_Driver/Src/stm32l4xx_hal_uart.o
 .comment       0x00000043       0x44 ./Drivers/STM32L4xx_HAL_Driver/Src/stm32l4xx_hal_uart_ex.o

.debug_frame    0x00000000     0x3ca8
 .debug_frame   0x00000000      0x478 ./Core/Src/GFX_FUNCTIONS.o
 .debug_frame   0x00000478      0x2dc ./Core/Src/ST7735.o
 .debug_frame   0x00000754      0x1a8 ./Core/Src/main.o
 .debug_frame   0x000008fc       0xcc ./Core/Src/stm32l4xx_hal_msp.o
 .debug_frame   0x000009c8      0x158 ./Core/Src/stm32l4xx_it.o
 .debug_frame   0x00000b20       0x34 ./Core/Src/sysmem.o
 .debug_frame   0x00000b54       0x58 ./Core/Src/system_stm32l4xx.o
 .debug_frame   0x00000bac      0x498 ./Drivers/STM32L4xx_HAL_Driver/Src/stm32l4xx_hal.o
 .debug_frame   0x00001044      0x4e8 ./Drivers/STM32L4xx_HAL_Driver/Src/stm32l4xx_hal_cortex.o
 .debug_frame   0x0000152c      0x204 ./Drivers/STM32L4xx_HAL_Driver/Src/stm32l4xx_hal_dma.o
 .debug_frame   0x00001730      0x14c ./Drivers/STM32L4xx_HAL_Driver/Src/stm32l4xx_hal_gpio.o
 .debug_frame   0x0000187c      0x544 ./Drivers/STM32L4xx_HAL_Driver/Src/stm32l4xx_hal_pwr_ex.o
 .debug_frame   0x00001dc0      0x21c ./Drivers/STM32L4xx_HAL_Driver/Src/stm32l4xx_hal_rcc.o
 .debug_frame   0x00001fdc      0x43c ./Drivers/STM32L4xx_HAL_Driver/Src/stm32l4xx_hal_rcc_ex.o
 .debug_frame   0x00002418      0x860 ./Drivers/STM32L4xx_HAL_Driver/Src/stm32l4xx_hal_spi.o
 .debug_frame   0x00002c78      0x9f4 ./Drivers/STM32L4xx_HAL_Driver/Src/stm32l4xx_hal_uart.o
 .debug_frame   0x0000366c      0x204 ./Drivers/STM32L4xx_HAL_Driver/Src/stm32l4xx_hal_uart_ex.o
 .debug_frame   0x00003870       0x30 E:/ST/STM32CubeIDE_1.18.1/STM32CubeIDE/plugins/com.st.stm32cube.ide.mcu.externaltools.gnu-tools-for-stm32.13.3.rel1.win32_1.0.0.202411081344/tools/bin/../lib/gcc/arm-none-eabi/13.3.1/../../../../arm-none-eabi/lib/thumb/v7e-m+fp/hard\libc_nano.a(libc_a-malloc.o)
 .debug_frame   0x000038a0       0x50 E:/ST/STM32CubeIDE_1.18.1/STM32CubeIDE/plugins/com.st.stm32cube.ide.mcu.externaltools.gnu-tools-for-stm32.13.3.rel1.win32_1.0.0.202411081344/tools/bin/../lib/gcc/arm-none-eabi/13.3.1/../../../../arm-none-eabi/lib/thumb/v7e-m+fp/hard\libc_nano.a(libc_a-mallocr.o)
 .debug_frame   0x000038f0       0x30 E:/ST/STM32CubeIDE_1.18.1/STM32CubeIDE/plugins/com.st.stm32cube.ide.mcu.externaltools.gnu-tools-for-stm32.13.3.rel1.win32_1.0.0.202411081344/tools/bin/../lib/gcc/arm-none-eabi/13.3.1/../../../../arm-none-eabi/lib/thumb/v7e-m+fp/hard\libc_nano.a(libc_a-mlock.o)
 .debug_frame   0x00003920      0x144 E:/ST/STM32CubeIDE_1.18.1/STM32CubeIDE/plugins/com.st.stm32cube.ide.mcu.externaltools.gnu-tools-for-stm32.13.3.rel1.win32_1.0.0.202411081344/tools/bin/../lib/gcc/arm-none-eabi/13.3.1/../../../../arm-none-eabi/lib/thumb/v7e-m+fp/hard\libc_nano.a(libc_a-findfp.o)
 .debug_frame   0x00003a64       0x20 E:/ST/STM32CubeIDE_1.18.1/STM32CubeIDE/plugins/com.st.stm32cube.ide.mcu.externaltools.gnu-tools-for-stm32.13.3.rel1.win32_1.0.0.202411081344/tools/bin/../lib/gcc/arm-none-eabi/13.3.1/../../../../arm-none-eabi/lib/thumb/v7e-m+fp/hard\libc_nano.a(libc_a-memset.o)
 .debug_frame   0x00003a84       0x2c E:/ST/STM32CubeIDE_1.18.1/STM32CubeIDE/plugins/com.st.stm32cube.ide.mcu.externaltools.gnu-tools-for-stm32.13.3.rel1.win32_1.0.0.202411081344/tools/bin/../lib/gcc/arm-none-eabi/13.3.1/../../../../arm-none-eabi/lib/thumb/v7e-m+fp/hard\libc_nano.a(libc_a-strstr.o)
 .debug_frame   0x00003ab0       0x38 E:/ST/STM32CubeIDE_1.18.1/STM32CubeIDE/plugins/com.st.stm32cube.ide.mcu.externaltools.gnu-tools-for-stm32.13.3.rel1.win32_1.0.0.202411081344/tools/bin/../lib/gcc/arm-none-eabi/13.3.1/../../../../arm-none-eabi/lib/thumb/v7e-m+fp/hard\libc_nano.a(libc_a-reent.o)
 .debug_frame   0x00003ae8       0x2c E:/ST/STM32CubeIDE_1.18.1/STM32CubeIDE/plugins/com.st.stm32cube.ide.mcu.externaltools.gnu-tools-for-stm32.13.3.rel1.win32_1.0.0.202411081344/tools/bin/../lib/gcc/arm-none-eabi/13.3.1/../../../../arm-none-eabi/lib/thumb/v7e-m+fp/hard\libc_nano.a(libc_a-sbrkr.o)
 .debug_frame   0x00003b14       0x20 E:/ST/STM32CubeIDE_1.18.1/STM32CubeIDE/plugins/com.st.stm32cube.ide.mcu.externaltools.gnu-tools-for-stm32.13.3.rel1.win32_1.0.0.202411081344/tools/bin/../lib/gcc/arm-none-eabi/13.3.1/../../../../arm-none-eabi/lib/thumb/v7e-m+fp/hard\libc_nano.a(libc_a-errno.o)
 .debug_frame   0x00003b34       0x2c E:/ST/STM32CubeIDE_1.18.1/STM32CubeIDE/plugins/com.st.stm32cube.ide.mcu.externaltools.gnu-tools-for-stm32.13.3.rel1.win32_1.0.0.202411081344/tools/bin/../lib/gcc/arm-none-eabi/13.3.1/../../../../arm-none-eabi/lib/thumb/v7e-m+fp/hard\libc_nano.a(libc_a-init.o)
 .debug_frame   0x00003b60       0xb0 E:/ST/STM32CubeIDE_1.18.1/STM32CubeIDE/plugins/com.st.stm32cube.ide.mcu.externaltools.gnu-tools-for-stm32.13.3.rel1.win32_1.0.0.202411081344/tools/bin/../lib/gcc/arm-none-eabi/13.3.1/../../../../arm-none-eabi/lib/thumb/v7e-m+fp/hard\libc_nano.a(libc_a-lock.o)
 .debug_frame   0x00003c10       0x38 E:/ST/STM32CubeIDE_1.18.1/STM32CubeIDE/plugins/com.st.stm32cube.ide.mcu.externaltools.gnu-tools-for-stm32.13.3.rel1.win32_1.0.0.202411081344/tools/bin/../lib/gcc/arm-none-eabi/13.3.1/../../../../arm-none-eabi/lib/thumb/v7e-m+fp/hard\libc_nano.a(libc_a-freer.o)
 .debug_frame   0x00003c48       0x2c E:/ST/STM32CubeIDE_1.18.1/STM32CubeIDE/plugins/com.st.stm32cube.ide.mcu.externaltools.gnu-tools-for-stm32.13.3.rel1.win32_1.0.0.202411081344/tools/bin/../lib/gcc/arm-none-eabi/13.3.1/thumb/v7e-m+fp/hard\libgcc.a(_aeabi_uldivmod.o)
 .debug_frame   0x00003c74       0x34 E:/ST/STM32CubeIDE_1.18.1/STM32CubeIDE/plugins/com.st.stm32cube.ide.mcu.externaltools.gnu-tools-for-stm32.13.3.rel1.win32_1.0.0.202411081344/tools/bin/../lib/gcc/arm-none-eabi/13.3.1/thumb/v7e-m+fp/hard\libgcc.a(_udivmoddi4.o)

.debug_line_str
                0x00000000       0x5f
 .debug_line_str
                0x00000000       0x5f ./Core/Startup/startup_stm32l4a6zgtx.o
