../Core/Src/main.c:80:6:draw_bulb_on	16	static
../Core/Src/main.c:86:6:draw_bulb_off	16	static
../Core/Src/main.c:93:6:process_command	112	static
../Core/Src/main.c:136:6:draw_menu	40	static
../Core/Src/main.c:156:6:set_backlight_brightness	24	static
../Core/Src/main.c:163:6:backlight_display	32	static
../Core/Src/main.c:175:6:HAL_UART_RxCpltCallback	16	static
../Core/Src/main.c:205:5:main	8	static
../Core/Src/main.c:363:6:SystemClock_Config	96	static
../Core/Src/main.c:413:13:MX_LPUART1_UART_Init	8	static
../Core/Src/main.c:447:13:MX_SPI1_Init	8	static
../Core/Src/main.c:487:13:MX_TIM1_Init	96	static
../Core/Src/main.c:555:13:MX_DMA_Init	16	static
../Core/Src/main.c:576:13:MX_GPIO_Init	56	static
../Core/Src/main.c:635:6:Error_Handler	4	static,ignoring_inline_asm
